Component: ARM Compiler 5.06 update 6 (build 750) Tool: armlink [4d35ed]

==============================================================================

Section Cross References

    startup_stm32f103xe.o(RESET) refers to startup_stm32f103xe.o(STACK) for __initial_sp
    startup_stm32f103xe.o(RESET) refers to startup_stm32f103xe.o(.text) for Reset_Handler
    startup_stm32f103xe.o(RESET) refers to stm32f1xx_it.o(i.NMI_Handler) for NMI_Handler
    startup_stm32f103xe.o(RESET) refers to stm32f1xx_it.o(i.HardFault_Handler) for HardFault_Handler
    startup_stm32f103xe.o(RESET) refers to stm32f1xx_it.o(i.MemManage_Handler) for MemManage_Handler
    startup_stm32f103xe.o(RESET) refers to stm32f1xx_it.o(i.BusFault_Handler) for BusFault_Handler
    startup_stm32f103xe.o(RESET) refers to stm32f1xx_it.o(i.UsageFault_Handler) for UsageFault_Handler
    startup_stm32f103xe.o(RESET) refers to stm32f1xx_it.o(i.SVC_Handler) for SVC_Handler
    startup_stm32f103xe.o(RESET) refers to stm32f1xx_it.o(i.DebugMon_Handler) for DebugMon_Handler
    startup_stm32f103xe.o(RESET) refers to stm32f1xx_it.o(i.PendSV_Handler) for PendSV_Handler
    startup_stm32f103xe.o(RESET) refers to stm32f1xx_it.o(i.SysTick_Handler) for SysTick_Handler
    startup_stm32f103xe.o(RESET) refers to stm32f1xx_it.o(i.DMA1_Channel2_IRQHandler) for DMA1_Channel2_IRQHandler
    startup_stm32f103xe.o(RESET) refers to stm32f1xx_it.o(i.DMA1_Channel4_IRQHandler) for DMA1_Channel4_IRQHandler
    startup_stm32f103xe.o(RESET) refers to stm32f1xx_it.o(i.DMA1_Channel5_IRQHandler) for DMA1_Channel5_IRQHandler
    startup_stm32f103xe.o(RESET) refers to stm32f1xx_it.o(i.DMA1_Channel6_IRQHandler) for DMA1_Channel6_IRQHandler
    startup_stm32f103xe.o(RESET) refers to stm32f1xx_it.o(i.DMA1_Channel7_IRQHandler) for DMA1_Channel7_IRQHandler
    startup_stm32f103xe.o(RESET) refers to stm32f1xx_it.o(i.EXTI9_5_IRQHandler) for EXTI9_5_IRQHandler
    startup_stm32f103xe.o(RESET) refers to stm32f1xx_it.o(i.TIM4_IRQHandler) for TIM4_IRQHandler
    startup_stm32f103xe.o(RESET) refers to stm32f1xx_it.o(i.USART1_IRQHandler) for USART1_IRQHandler
    startup_stm32f103xe.o(RESET) refers to stm32f1xx_it.o(i.USART2_IRQHandler) for USART2_IRQHandler
    startup_stm32f103xe.o(RESET) refers to stm32f1xx_it.o(i.USART3_IRQHandler) for USART3_IRQHandler
    startup_stm32f103xe.o(RESET) refers to stm32f1xx_it.o(i.TIM8_UP_IRQHandler) for TIM8_UP_IRQHandler
    startup_stm32f103xe.o(RESET) refers to remote.o(i.TIM5_IRQHandler) for TIM5_IRQHandler
    startup_stm32f103xe.o(RESET) refers to stm32f1xx_it.o(i.TIM6_IRQHandler) for TIM6_IRQHandler
    startup_stm32f103xe.o(RESET) refers to stm32f1xx_it.o(i.TIM7_IRQHandler) for TIM7_IRQHandler
    startup_stm32f103xe.o(.text) refers to system_stm32f1xx.o(i.SystemInit) for SystemInit
    startup_stm32f103xe.o(.text) refers to entry.o(.ARM.Collect$$$$00000000) for __main
    main.o(i.AIWORKUI_Init) refers to flash.o(i.SPI_Flash_Read) for SPI_Flash_Read
    main.o(i.AIWORKUI_Init) refers to oled.o(i.OLED_Clear) for OLED_Clear
    main.o(i.AIWORKUI_Init) refers to oled.o(i.OLED_Clar) for OLED_Clar
    main.o(i.AIWORKUI_Init) refers to oled.o(i.OLED_SF12x24) for OLED_SF12x24
    main.o(i.AIWORKUI_Init) refers to oled.o(i.OLED_Refresh_Gram) for OLED_Refresh_Gram
    main.o(i.AIWORKUI_Init) refers to main.o(.data) for .data
    main.o(i.AIWORKUI_Init) refers to main.o(.bss) for .bss
    main.o(i.AIWORK_MainDisplay) refers to flash.o(i.SPI_Flash_Read) for SPI_Flash_Read
    main.o(i.AIWORK_MainDisplay) refers to oled.o(i.OLED_Clear) for OLED_Clear
    main.o(i.AIWORK_MainDisplay) refers to oled.o(i.OLED_Clar) for OLED_Clar
    main.o(i.AIWORK_MainDisplay) refers to oled.o(i.OLED_SF12x24) for OLED_SF12x24
    main.o(i.AIWORK_MainDisplay) refers to oled.o(i.OLED_Refresh_Gram) for OLED_Refresh_Gram
    main.o(i.AIWORK_MainDisplay) refers to main.o(.data) for .data
    main.o(i.AIWORK_MainDisplay) refers to main.o(.bss) for .bss
    main.o(i.AIWORK_Mode) refers to main.o(i.AIWORKUI_Init) for AIWORKUI_Init
    main.o(i.AIWORK_Mode) refers to main.o(i.AIWORK_MainDisplay) for AIWORK_MainDisplay
    main.o(i.AIWORK_Mode) refers to main.o(.data) for .data
    main.o(i.CalcTIMED) refers to main.o(i.cont_str) for cont_str
    main.o(i.CalcTIMED) refers to main.o(.data) for .data
    main.o(i.DATEUI_Init) refers to main.o(i.CalcTIMED) for CalcTIMED
    main.o(i.DATEUI_Init) refers to oled.o(i.OLED_Clear) for OLED_Clear
    main.o(i.DATEUI_Init) refers to oled.o(i.OLED_AllMotion) for OLED_AllMotion
    main.o(i.DATEUI_Init) refers to oled.o(i.Flow_BTV) for Flow_BTV
    main.o(i.DATEUI_Init) refers to oled.o(i.OLED_SF22x40) for OLED_SF22x40
    main.o(i.DATEUI_Init) refers to oled.o(i.OLED_SF12x24) for OLED_SF12x24
    main.o(i.DATEUI_Init) refers to oled.o(i.OLED_SF10x16) for OLED_SF10x16
    main.o(i.DATEUI_Init) refers to fflti.o(.text) for __aeabi_i2f
    main.o(i.DATEUI_Init) refers to ffltui.o(.text) for __aeabi_ui2f
[...]
    _ll_shift_l                              0x0800082f   Thumb Code     0  llshl.o(.text)
    __aeabi_lasr                             0x0800084d   Thumb Code    36  llsshr.o(.text)
    _ll_sshift_r                             0x0800084d   Thumb Code     0  llsshr.o(.text)
    __I$use$fp                               0x08000871   Thumb Code     0  iusefp.o(.text)
    _float_round                             0x08000871   Thumb Code    18  fepilogue.o(.text)
    _float_epilogue                          0x08000883   Thumb Code    92  fepilogue.o(.text)
    _double_round                            0x080008df   Thumb Code    30  depilogue.o(.text)
    _double_epilogue                         0x080008fd   Thumb Code   156  depilogue.o(.text)
    __aeabi_d2ulz                            0x08000999   Thumb Code    48  dfixul.o(.text)
    __aeabi_cdrcmple                         0x080009c9   Thumb Code    48  cdrcmple.o(.text)
    __scatterload                            0x080009f9   Thumb Code    28  init.o(.text)
    __scatterload_rt2                        0x080009f9   Thumb Code     0  init.o(.text)
    __decompress                             0x08000a1d   Thumb Code     0  __dczerorl2.o(.text)
    __decompress1                            0x08000a1d   Thumb Code    86  __dczerorl2.o(.text)
    ADC_ConversionStop_Disable               0x08000a75   Thumb Code    76  stm32f1xx_hal_adc.o(i.ADC_ConversionStop_Disable)
    AIWORKUI_Init                            0x08000ac1   Thumb Code    98  main.o(i.AIWORKUI_Init)
    AIWORK_MainDisplay                       0x08000b41   Thumb Code   170  main.o(i.AIWORK_MainDisplay)
    AIWORK_Mode                              0x08000c09   Thumb Code    24  main.o(i.AIWORK_Mode)
    AnalysisCommand                          0x08000c25   Thumb Code   226  usart.o(i.AnalysisCommand)
    AnalysisComputermsg                      0x08000d15   Thumb Code   528  usart.o(i.AnalysisComputermsg)
    AnalysisFFT                              0x08000f35   Thumb Code   118  usart.o(i.AnalysisFFT)
    AnalysisMiStaus                          0x08000fb9   Thumb Code    68  usart.o(i.AnalysisMiStaus)
    AnalysisWiFiInter                        0x08001001   Thumb Code   262  usart.o(i.AnalysisWiFiInter)
    AnalysisWiFiString                       0x08001111   Thumb Code   590  usart.o(i.AnalysisWiFiString)
    BusFault_Handler                         0x08001365   Thumb Code     2  stm32f1xx_it.o(i.BusFault_Handler)
    CalcTIMED                                0x08001369   Thumb Code    62  main.o(i.CalcTIMED)
    ClearFFT                                 0x080013ad   Thumb Code    20  usart.o(i.ClearFFT)
    Clear_FRAM                               0x080013c5   Thumb Code    18  oled.o(i.Clear_FRAM)
    ConvertData                              0x080013dd   Thumb Code   360  usart.o(i.ConvertData)
    DATEUI_Init                              0x080015b1   Thumb Code   244  main.o(i.DATEUI_Init)
    DATEUI_Out                               0x080016b5   Thumb Code   252  main.o(i.DATEUI_Out)
    DATE_MainDisplay                         0x080017c1   Thumb Code   134  main.o(i.DATE_MainDisplay)
    DATE_Mode                                0x08001851   Thumb Code    86  main.o(i.DATE_Mode)
    DMA1_Channel2_IRQHandler                 0x080018b5   Thumb Code     6  stm32f1xx_it.o(i.DMA1_Channel2_IRQHandler)
    DMA1_Channel4_IRQHandler                 0x080018c1   Thumb Code     6  stm32f1xx_it.o(i.DMA1_Channel4_IRQHandler)
    DMA1_Channel5_IRQHandler                 0x080018cd   Thumb Code     6  stm32f1xx_it.o(i.DMA1_Channel5_IRQHandler)
    DMA1_Channel6_IRQHandler                 0x080018d9   Thumb Code     6  stm32f1xx_it.o(i.DMA1_Channel6_IRQHandler)
    DMA1_Channel7_IRQHandler                 0x080018e5   Thumb Code     6  stm32f1xx_it.o(i.DMA1_Channel7_IRQHandler)
    DS3231_Operate_Register                  0x0800191d   Thumb Code   126  ds3231.o(i.DS3231_Operate_Register)
    DS3231_ReadWrite_Time                    0x0800199d   Thumb Code   142  ds3231.o(i.DS3231_ReadWrite_Time)
    DS3231_SetUart                           0x08001a31   Thumb Code   116  ds3231.o(i.DS3231_SetUart)
    DS3231_Time_Init                         0x08001aad   Thumb Code    34  ds3231.o(i.DS3231_Time_Init)
    DS3231_Write_Byte                        0x08001acf   Thumb Code    38  ds3231.o(i.DS3231_Write_Byte)
    DampValueBusy                            0x08001af5   Thumb Code    30  oled.o(i.DampValueBusy)
    DampValueClear                           0x08001b19   Thumb Code    22  oled.o(i.DampValueClear)
    DebugMon_Handler                         0x08001b35   Thumb Code     2  stm32f1xx_it.o(i.DebugMon_Handler)
    Display_Style1                           0x08001b39   Thumb Code   200  main.o(i.Display_Style1)
    Display_Style2                           0x08001c11   Thumb Code   290  main.o(i.Display_Style2)
    Display_Style3                           0x08001d45   Thumb Code   338  main.o(i.Display_Style3)
    Display_Style4                           0x08001ea9   Thumb Code   200  main.o(i.Display_Style4)
    Display_Style5                           0x08001f89   Thumb Code   198  main.o(i.Display_Style5)
    Display_Style6                           0x08002069   Thumb Code   278  main.o(i.Display_Style6)
    EXTI9_5_IRQHandler                       0x080021a1   Thumb Code    26  stm32f1xx_it.o(i.EXTI9_5_IRQHandler)
    Error_Handler                            0x080021c5   Thumb Code     2  main.o(i.Error_Handler)
    Flow_ASUS                                0x080021c9   Thumb Code    64  oled.o(i.Flow_ASUS)
    Flow_BTV                                 0x08002211   Thumb Code   106  oled.o(i.Flow_BTV)
    Flow_Coordinate                          0x08002291   Thumb Code   102  oled.o(i.Flow_Coordinate)
    Flow_Corn                                0x08002301   Thumb Code    78  oled.o(i.Flow_Corn)
    Flow_Line                                0x0800235d   Thumb Code    74  oled.o(i.Flow_Line)
    Flow_USB                                 0x080023ad   Thumb Code    88  oled.o(i.Flow_USB)
    GAME_Init                                0x0800240d   Thumb Code   132  main.o(i.GAME_Init)
    GAME_MainDisplay                         0x080024a5   Thumb Code   208  main.o(i.GAME_MainDisplay)
    GAME_Mode                                0x08002585   Thumb Code   164  main.o(i.GAME_Mode)
    GAME_Out                                 0x08002655   Thumb Code   138  main.o(i.GAME_Out)
    GUI_Circle                               0x080026f5   Thumb Code   454  gui_basic.o(i.GUI_Circle)
    GUI_CircleFill                           0x080028bb   Thumb Code   660  gui_basic.o(i.GUI_CircleFill)
    GUI_HLine                                0x08002b4f   Thumb Code    42  lcmdrv.o(i.GUI_HLine)
    GUI_Line                                 0x08002b79   Thumb Code   200  gui_basic.o(i.GUI_Line)
    GUI_LineS                                0x08002c41   Thumb Code    76  gui_basic.o(i.GUI_LineS)
    GUI_Point                                0x08002c8d   Thumb Code    54  oled.o(i.GUI_Point)
    GUI_RLine                                0x08002cc9   Thumb Code    42  lcmdrv.o(i.GUI_RLine)
    GUI_RectangleFill                        0x08002cf3   Thumb Code    94  gui_basic.o(i.GUI_RectangleFill)
    GUI_VFD_HLine                            0x08002d51   Thumb Code    42  lcmdrv.o(i.GUI_VFD_HLine)
    GUI_VFD_Point                            0x08002d7b   Thumb Code     4  lcmdrv.o(i.GUI_VFD_Point)
    GUI_VFD_RLine                            0x08002d7f   Thumb Code    42  lcmdrv.o(i.GUI_VFD_RLine)
    GUI_VFD_RectangleFill                    0x08002da9   Thumb Code    94  gui_vfd.o(i.GUI_VFD_RectangleFill)
    HAL_ADC_ConfigChannel                    0x08002e09   Thumb Code   240  stm32f1xx_hal_adc.o(i.HAL_ADC_ConfigChannel)
    HAL_ADC_Init                             0x08002f05   Thumb Code   272  stm32f1xx_hal_adc.o(i.HAL_ADC_Init)
    HAL_ADC_MspInit                          0x08003025   Thumb Code    76  adc.o(i.HAL_ADC_MspInit)
    HAL_DMA_Abort                            0x0800307d   Thumb Code    48  stm32f1xx_hal_dma.o(i.HAL_DMA_Abort)
    HAL_DMA_Abort_IT                         0x080030ad   Thumb Code   296  stm32f1xx_hal_dma.o(i.HAL_DMA_Abort_IT)
    HAL_DMA_IRQHandler                       0x080031dd   Thumb Code   552  stm32f1xx_hal_dma.o(i.HAL_DMA_IRQHandler)
    HAL_DMA_Init                             0x08003425   Thumb Code   112  stm32f1xx_hal_dma.o(i.HAL_DMA_Init)
    HAL_DMA_Start_IT                         0x080034a1   Thumb Code   112  stm32f1xx_hal_dma.o(i.HAL_DMA_Start_IT)
    HAL_Delay                                0x08003511   Thumb Code    32  stm32f1xx_hal.o(i.HAL_Delay)
    HAL_GPIO_EXTI_Callback                   0x08003535   Thumb Code     2  stm32f1xx_hal_gpio.o(i.HAL_GPIO_EXTI_Callback)
    HAL_GPIO_EXTI_IRQHandler                 0x08003539   Thumb Code    18  stm32f1xx_hal_gpio.o(i.HAL_GPIO_EXTI_IRQHandler)
    HAL_GPIO_Init                            0x08003551   Thumb Code   446  stm32f1xx_hal_gpio.o(i.HAL_GPIO_Init)
    HAL_GPIO_TogglePin                       0x08003739   Thumb Code     8  stm32f1xx_hal_gpio.o(i.HAL_GPIO_TogglePin)
    HAL_GPIO_WritePin                        0x08003741   Thumb Code    10  stm32f1xx_hal_gpio.o(i.HAL_GPIO_WritePin)
    HAL_GetTick                              0x0800374d   Thumb Code     6  stm32f1xx_hal.o(i.HAL_GetTick)
    HAL_IncTick                              0x08003759   Thumb Code    12  stm32f1xx_hal.o(i.HAL_IncTick)
    HAL_Init                                 0x08003769   Thumb Code    32  stm32f1xx_hal.o(i.HAL_Init)
    HAL_InitTick                             0x0800378d   Thumb Code    54  stm32f1xx_hal.o(i.HAL_InitTick)
    HAL_MspInit                              0x080037cd   Thumb Code    52  stm32f1xx_hal_msp.o(i.HAL_MspInit)
    HAL_NVIC_EnableIRQ                       0x08003809   Thumb Code    22  stm32f1xx_hal_cortex.o(i.HAL_NVIC_EnableIRQ)
    HAL_NVIC_SetPriority                     0x08003821   Thumb Code    60  stm32f1xx_hal_cortex.o(i.HAL_NVIC_SetPriority)
    HAL_NVIC_SetPriorityGrouping             0x08003861   Thumb Code    26  stm32f1xx_hal_cortex.o(i.HAL_NVIC_SetPriorityGrouping)
    HAL_RCCEx_PeriphCLKConfig                0x08003885   Thumb Code   224  stm32f1xx_hal_rcc_ex.o(i.HAL_RCCEx_PeriphCLKConfig)
    HAL_RCC_ClockConfig                      0x08003971   Thumb Code   346  stm32f1xx_hal_rcc.o(i.HAL_RCC_ClockConfig)
    HAL_RCC_GetPCLK1Freq                     0x08003add   Thumb Code    20  stm32f1xx_hal_rcc.o(i.HAL_RCC_GetPCLK1Freq)
    HAL_RCC_GetPCLK2Freq                     0x08003afd   Thumb Code    20  stm32f1xx_hal_rcc.o(i.HAL_RCC_GetPCLK2Freq)
    HAL_RCC_GetSysClockFreq                  0x08003b1d   Thumb Code    74  stm32f1xx_hal_rcc.o(i.HAL_RCC_GetSysClockFreq)
    HAL_RCC_OscConfig                        0x08003b89   Thumb Code   750  stm32f1xx_hal_rcc.o(i.HAL_RCC_OscConfig)
    HAL_SPI_Init                             0x08003e8d   Thumb Code   128  stm32f1xx_hal_spi.o(i.HAL_SPI_Init)
    HAL_SPI_MspInit                          0x08003f0d   Thumb Code   198  spi.o(i.HAL_SPI_MspInit)
    HAL_SPI_Receive                          0x08003ff1   Thumb Code   336  stm32f1xx_hal_spi.o(i.HAL_SPI_Receive)
    HAL_SPI_Transmit                         0x08004141   Thumb Code   360  stm32f1xx_hal_spi.o(i.HAL_SPI_Transmit)
    HAL_SPI_TransmitReceive                  0x080042a9   Thumb Code   472  stm32f1xx_hal_spi.o(i.HAL_SPI_TransmitReceive)
    HAL_SYSTICK_Config                       0x08004481   Thumb Code    40  stm32f1xx_hal_cortex.o(i.HAL_SYSTICK_Config)
    HAL_TIMEx_BreakCallback                  0x080044a9   Thumb Code     2  stm32f1xx_hal_tim_ex.o(i.HAL_TIMEx_BreakCallback)
    HAL_TIMEx_CommutationCallback            0x080044ab   Thumb Code     2  stm32f1xx_hal_tim_ex.o(i.HAL_TIMEx_CommutationCallback)
    HAL_TIMEx_MasterConfigSynchronization    0x080044ad   Thumb Code    80  stm32f1xx_hal_tim_ex.o(i.HAL_TIMEx_MasterConfigSynchronization)
    HAL_TIM_Base_Init                        0x080044fd   Thumb Code    54  stm32f1xx_hal_tim.o(i.HAL_TIM_Base_Init)
    HAL_TIM_Base_MspInit                     0x08004535   Thumb Code   158  tim.o(i.HAL_TIM_Base_MspInit)
    HAL_TIM_Base_Start_IT                    0x080045e9   Thumb Code    24  stm32f1xx_hal_tim.o(i.HAL_TIM_Base_Start_IT)
    HAL_TIM_Base_Stop_IT                     0x08004601   Thumb Code    42  stm32f1xx_hal_tim.o(i.HAL_TIM_Base_Stop_IT)
    HAL_TIM_ConfigClockSource                0x0800462b   Thumb Code   242  stm32f1xx_hal_tim.o(i.HAL_TIM_ConfigClockSource)
    HAL_TIM_IC_CaptureCallback               0x0800471d   Thumb Code   190  remote.o(i.HAL_TIM_IC_CaptureCallback)
    HAL_TIM_IC_Init                          0x080047ed   Thumb Code    54  stm32f1xx_hal_tim.o(i.HAL_TIM_IC_Init)
    HAL_TIM_IC_MspInit                       0x08004825   Thumb Code    82  remote.o(i.HAL_TIM_IC_MspInit)
    HAL_TIM_IRQHandler                       0x08004881   Thumb Code   358  stm32f1xx_hal_tim.o(i.HAL_TIM_IRQHandler)
    HAL_TIM_OC_DelayElapsedCallback          0x080049e7   Thumb Code     2  stm32f1xx_hal_tim.o(i.HAL_TIM_OC_DelayElapsedCallback)
    HAL_TIM_PWM_PulseFinishedCallback        0x080049e9   Thumb Code     2  stm32f1xx_hal_tim.o(i.HAL_TIM_PWM_PulseFinishedCallback)
    HAL_TIM_PeriodElapsedCallback            0x080049ed   Thumb Code   458  main.o(i.HAL_TIM_PeriodElapsedCallback)
    HAL_TIM_ReadCapturedValue                0x08004c01   Thumb Code    68  stm32f1xx_hal_tim.o(i.HAL_TIM_ReadCapturedValue)
    HAL_TIM_TriggerCallback                  0x08004c45   Thumb Code     2  stm32f1xx_hal_tim.o(i.HAL_TIM_TriggerCallback)
    HAL_UART_DMAStop                         0x08004c47   Thumb Code    88  stm32f1xx_hal_uart.o(i.HAL_UART_DMAStop)
    HAL_UART_ErrorCallback                   0x08004ca1   Thumb Code    44  usart.o(i.HAL_UART_ErrorCallback)
    HAL_UART_IRQHandler                      0x08004cd9   Thumb Code   266  stm32f1xx_hal_uart.o(i.HAL_UART_IRQHandler)
    HAL_UART_Init                            0x08004de9   Thumb Code    98  stm32f1xx_hal_uart.o(i.HAL_UART_Init)
    HAL_UART_MspInit                         0x08004e4d   Thumb Code   462  usart.o(i.HAL_UART_MspInit)
    HAL_UART_Receive_DMA                     0x0800503d   Thumb Code   138  stm32f1xx_hal_uart.o(i.HAL_UART_Receive_DMA)
    HAL_UART_Receive_IT                      0x080050d5   Thumb Code    82  stm32f1xx_hal_uart.o(i.HAL_UART_Receive_IT)
    HAL_UART_RxCpltCallback                  0x08005129   Thumb Code   206  usart.o(i.HAL_UART_RxCpltCallback)
    HAL_UART_RxHalfCpltCallback              0x08005205   Thumb Code     2  stm32f1xx_hal_uart.o(i.HAL_UART_RxHalfCpltCallback)
    HAL_UART_Transmit                        0x08005207   Thumb Code   186  stm32f1xx_hal_uart.o(i.HAL_UART_Transmit)
    HAL_UART_Transmit_IT                     0x080052c1   Thumb Code    62  stm32f1xx_hal_uart.o(i.HAL_UART_Transmit_IT)
    HAL_UART_TxCpltCallback                  0x080052ff   Thumb Code     2  stm32f1xx_hal_uart.o(i.HAL_UART_TxCpltCallback)
    HEX2BCD                                  0x08005301   Thumb Code    34  ds3231.o(i.HEX2BCD)
    HardFault_Handler                        0x08005323   Thumb Code     2  stm32f1xx_it.o(i.HardFault_Handler)
    IIC_Ack                                  0x08005325   Thumb Code    40  i2c.o(i.IIC_Ack)
    IIC_NAck                                 0x08005351   Thumb Code    40  i2c.o(i.IIC_NAck)
    IIC_Read_Byte1                           0x0800537d   Thumb Code    80  i2c.o(i.IIC_Read_Byte1)
    IIC_Start                                0x080053d1   Thumb Code    42  i2c.o(i.IIC_Start)
    IIC_Stop                                 0x08005401   Thumb Code    44  i2c.o(i.IIC_Stop)
    IIC_Write_Byte                           0x08005431   Thumb Code   108  i2c.o(i.IIC_Write_Byte)
    InitData                                 0x080054a1   Thumb Code   174  usart.o(i.InitData)
    Judge_Mode                               0x0800559d   Thumb Code    68  usart.o(i.Judge_Mode)
    Judge_Notification                       0x080055ed   Thumb Code    30  main.o(i.Judge_Notification)
    MUSICUI_Init                             0x08005619   Thumb Code   146  main.o(i.MUSICUI_Init)
    MUSICUI_Out                              0x080056bd   Thumb Code   124  main.o(i.MUSICUI_Out)
    MUSIC_Mode                               0x08005745   Thumb Code   126  main.o(i.MUSIC_Mode)
    MX_ADC1_Init                             0x080057d1   Thumb Code    68  adc.o(i.MX_ADC1_Init)
    MX_DMA_Init                              0x0800581d   Thumb Code   104  dma.o(i.MX_DMA_Init)
    MX_GPIO_Init                             0x08005889   Thumb Code   398  gpio.o(i.MX_GPIO_Init)
    MX_SPI1_Init                             0x08005a31   Thumb Code    64  spi.o(i.MX_SPI1_Init)
    MX_SPI2_Init                             0x08005a79   Thumb Code    64  spi.o(i.MX_SPI2_Init)
    MX_TIM4_Init                             0x08005ac1   Thumb Code    96  tim.o(i.MX_TIM4_Init)
    MX_TIM6_Init                             0x08005b29   Thumb Code    62  tim.o(i.MX_TIM6_Init)
    MX_TIM7_Init                             0x08005b71   Thumb Code    64  tim.o(i.MX_TIM7_Init)
    MX_TIM8_Init                             0x08005bb9   Thumb Code    98  tim.o(i.MX_TIM8_Init)
    MX_USART1_UART_Init                      0x08005c25   Thumb Code    48  usart.o(i.MX_USART1_UART_Init)
    MX_USART2_UART_Init                      0x08005c5d   Thumb Code    48  usart.o(i.MX_USART2_UART_Init)
    MX_USART3_UART_Init                      0x08005c95   Thumb Code    48  usart.o(i.MX_USART3_UART_Init)
    MemManage_Handler                        0x08005ccd   Thumb Code     2  stm32f1xx_it.o(i.MemManage_Handler)
    Motion_BTV                               0x08005cd1   Thumb Code    48  oled.o(i.Motion_BTV)
    Motion_Circle                            0x08005d09   Thumb Code   110  oled.o(i.Motion_Circle)
    Motion_CircleInit                        0x08005d81   Thumb Code    92  oled.o(i.Motion_CircleInit)
    Motion_Mind                              0x08005de5   Thumb Code   470  oled.o(i.Motion_Mind)
    Motion_MindInit                          0x08005fd5   Thumb Code   350  oled.o(i.Motion_MindInit)
    Motion_Movmeteor                         0x08006149   Thumb Code   454  oled.o(i.Motion_Movmeteor)
    Motion_MovmeteorInit                     0x08006319   Thumb Code   138  oled.o(i.Motion_MovmeteorInit)
    Motion_Snowflake                         0x080063b1   Thumb Code   238  oled.o(i.Motion_Snowflake)
    Motion_SnowflakeInit                     0x080064a9   Thumb Code   104  oled.o(i.Motion_SnowflakeInit)
    NMI_Handler                              0x08006519   Thumb Code     2  stm32f1xx_it.o(i.NMI_Handler)
    NORMALUI_Init                            0x0800651d   Thumb Code   306  main.o(i.NORMALUI_Init)
    NORMALUI_Out                             0x0800667d   Thumb Code   118  main.o(i.NORMALUI_Out)
    NORMAL_MainDisplay                       0x08006711   Thumb Code   236  main.o(i.NORMAL_MainDisplay)
    NORMAL_Mode                              0x08006819   Thumb Code   118  main.o(i.NORMAL_Mode)
    Nix2Num                                  0x080068c5   Thumb Code    88  usart.o(i.Nix2Num)
    OLED_25664                               0x0800691d   Thumb Code    50  oled.o(i.OLED_25664)
    OLED_AllMotion                           0x08006955   Thumb Code   176  oled.o(i.OLED_AllMotion)
    OLED_AllMotion_Init                      0x08006a09   Thumb Code    22  oled.o(i.OLED_AllMotion_Init)
    OLED_BAR                                 0x08006a21   Thumb Code   208  oled.o(i.OLED_BAR)
    OLED_BAR64x10                            0x08006afd   Thumb Code   276  oled.o(i.OLED_BAR64x10)
    OLED_Boot                                0x08006c21   Thumb Code    62  main.o(i.OLED_Boot)
    OLED_Clar                                0x08006c65   Thumb Code   488  oled.o(i.OLED_Clar)
    OLED_Clear                               0x08006e51   Thumb Code    40  oled.o(i.OLED_Clear)
    OLED_CustormMotion                       0x08006e7d   Thumb Code    32  oled.o(i.OLED_CustormMotion)
    OLED_F10x16                              0x08006e9d   Thumb Code   138  oled.o(i.OLED_F10x16)
    OLED_F12x24                              0x08006f31   Thumb Code   138  oled.o(i.OLED_F12x24)
    OLED_F22x40                              0x08006fc5   Thumb Code   144  oled.o(i.OLED_F22x40)
    OLED_F8x16                               0x08007061   Thumb Code   128  oled.o(i.OLED_F8x16)
    OLED_Fill                                0x080070ed   Thumb Code    36  oled.o(i.OLED_Fill)
    OLED_FucCircle                           0x08007115   Thumb Code   204  oled.o(i.OLED_FucCircle)
    OLED_Full                                0x080071f5   Thumb Code    50  oled.o(i.OLED_Full)
    OLED_Init                                0x0800722d   Thumb Code   194  oled.o(i.OLED_Init)
    OLED_MovMind                             0x080072f5   Thumb Code   108  oled.o(i.OLED_MovMind)
    OLED_MovSnowflake                        0x08007379   Thumb Code   190  oled.o(i.OLED_MovSnowflake)
    OLED_Movmeteor                           0x08007441   Thumb Code    50  oled.o(i.OLED_Movmeteor)
    OLED_OlRefresh_Gram                      0x0800747d   Thumb Code    72  oled.o(i.OLED_OlRefresh_Gram)
    OLED_Part                                0x080074c9   Thumb Code   528  oled.o(i.OLED_Part)
    OLED_Putchar2GRAM                        0x080076dd   Thumb Code   182  oled.o(i.OLED_Putchar2GRAM)
    OLED_RefrashCoordinate                   0x0800779d   Thumb Code   194  oled.o(i.OLED_RefrashCoordinate)
    OLED_Refresh_AddBack                     0x08007879   Thumb Code    68  oled.o(i.OLED_Refresh_AddBack)
    OLED_Refresh_Gram                        0x080078c5   Thumb Code   160  oled.o(i.OLED_Refresh_Gram)
    OLED_SF10x16                             0x08007971   Thumb Code    44  oled.o(i.OLED_SF10x16)
    OLED_SF12x24                             0x0800799d   Thumb Code    44  oled.o(i.OLED_SF12x24)
    OLED_SF22x40                             0x080079c9   Thumb Code    44  oled.o(i.OLED_SF22x40)
    OLED_SF8x16                              0x080079f5   Thumb Code    44  oled.o(i.OLED_SF8x16)
    OLED_WR_CMD                              0x08007a21   Thumb Code    28  oled.o(i.OLED_WR_CMD)
    OLED_WR_DATA                             0x08007a45   Thumb Code    20  oled.o(i.OLED_WR_DATA)
    OLED_XF4x5                               0x08007a61   Thumb Code    52  oled.o(i.OLED_XF4x5)
    PendSV_Handler                           0x08007a9d   Thumb Code     2  stm32f1xx_it.o(i.PendSV_Handler)
    Recvcmd                                  0x08007aa1   Thumb Code    74  usart.o(i.Recvcmd)
    Remote_Init                              0x08007af1   Thumb Code    42  remote.o(i.Remote_Init)
    SDA_IN                                   0x08007b25   Thumb Code    26  i2c.o(i.SDA_IN)
    SDA_OUT                                  0x08007b45   Thumb Code    24  i2c.o(i.SDA_OUT)
    SK6812_Flow                              0x08007b61   Thumb Code   164  sk6812.o(i.SK6812_Flow)
    SK6812_Init                              0x08007c11   Thumb Code    36  sk6812.o(i.SK6812_Init)
    SK6812_Refrash                           0x08007c39   Thumb Code    66  sk6812.o(i.SK6812_Refrash)
    SK6812_Same                              0x08007c81   Thumb Code    30  sk6812.o(i.SK6812_Same)
    SK6812_Wheel                             0x08007ca5   Thumb Code   108  sk6812.o(i.SK6812_Wheel)
    SK6812_WheelAll                          0x08007d19   Thumb Code   144  sk6812.o(i.SK6812_WheelAll)
    SK6812_WheelS                            0x08007db9   Thumb Code   104  sk6812.o(i.SK6812_WheelS)
    SK6812_Write                             0x08007e29   Thumb Code    92  sk6812.o(i.SK6812_Write)
    SK6812_send_H                            0x08007e85   Thumb Code   186  sk6812.o(i.SK6812_send_H)
    SK6812_send_L                            0x08007f45   Thumb Code   190  sk6812.o(i.SK6812_send_L)
    SLEEP_Mode                               0x08008009   Thumb Code    78  main.o(i.SLEEP_Mode)
    SPI1_ReadWriteByte                       0x08008065   Thumb Code    26  flash.o(i.SPI1_ReadWriteByte)
    SPI_FLASH_Write_Enable                   0x080080a5   Thumb Code    34  flash.o(i.SPI_FLASH_Write_Enable)
    SPI_Flash_Erase_Sector                   0x080080cd   Thumb Code    70  flash.o(i.SPI_Flash_Erase_Sector)
    SPI_Flash_Init                           0x08008119   Thumb Code    22  flash.o(i.SPI_Flash_Init)
    SPI_Flash_Read                           0x08008141   Thumb Code    76  flash.o(i.SPI_Flash_Read)
    SPI_Flash_ReadID                         0x08008195   Thumb Code    72  flash.o(i.SPI_Flash_ReadID)
    SPI_Flash_ReadSR                         0x080081e1   Thumb Code    42  flash.o(i.SPI_Flash_ReadSR)
    SPI_Flash_Wait_Busy                      0x08008211   Thumb Code    14  flash.o(i.SPI_Flash_Wait_Busy)
    SPI_Flash_Write                          0x0800821f   Thumb Code    28  flash.o(i.SPI_Flash_Write)
    SPI_Flash_Write_NoCheck                  0x0800823b   Thumb Code    62  flash.o(i.SPI_Flash_Write_NoCheck)
    SPI_Flash_Write_Page                     0x08008279   Thumb Code    90  flash.o(i.SPI_Flash_Write_Page)
    SVC_Handler                              0x0800836f   Thumb Code     2  stm32f1xx_it.o(i.SVC_Handler)
    Showbar                                  0x08008371   Thumb Code   228  oled.o(i.Showbar)
    SportUI2Mt                               0x0800845d   Thumb Code   782  oled.o(i.SportUI2Mt)
    SportUIMt                                0x08008771   Thumb Code  1248  oled.o(i.SportUIMt)
    SysTick_Handler                          0x08008c51   Thumb Code     4  stm32f1xx_it.o(i.SysTick_Handler)
    SystemClock_Config                       0x08008c55   Thumb Code    98  main.o(i.SystemClock_Config)
    SystemInit                               0x08008cb9   Thumb Code    56  system_stm32f1xx.o(i.SystemInit)
    TIM4_IRQHandler                          0x08008d01   Thumb Code     6  stm32f1xx_it.o(i.TIM4_IRQHandler)
    TIM5_IRQHandler                          0x08008d0d   Thumb Code     6  remote.o(i.TIM5_IRQHandler)
    TIM6_IRQHandler                          0x08008d19   Thumb Code     6  stm32f1xx_it.o(i.TIM6_IRQHandler)
    TIM7_IRQHandler                          0x08008d25   Thumb Code     6  stm32f1xx_it.o(i.TIM7_IRQHandler)
    TIM8_UP_IRQHandler                       0x08008d31   Thumb Code     6  stm32f1xx_it.o(i.TIM8_UP_IRQHandler)
    TIM_Base_SetConfig                       0x08008d3d   Thumb Code   120  stm32f1xx_hal_tim.o(i.TIM_Base_SetConfig)
    Time_Handle                              0x08008e35   Thumb Code   362  ds3231.o(i.Time_Handle)
    Tranfcmd                                 0x080090c9   Thumb Code    94  usart.o(i.Tranfcmd)
    USART1_IRQHandler                        0x080094c9   Thumb Code   100  stm32f1xx_it.o(i.USART1_IRQHandler)
    USART2_IRQHandler                        0x08009545   Thumb Code    90  stm32f1xx_it.o(i.USART2_IRQHandler)
    USART3_IRQHandler                        0x080095b5   Thumb Code     6  stm32f1xx_it.o(i.USART3_IRQHandler)
    Update_Pos                               0x080095c1   Thumb Code   166  main.o(i.Update_Pos)
    UsageFault_Handler                       0x0800966d   Thumb Code     2  stm32f1xx_it.o(i.UsageFault_Handler)
    UsartCommand                             0x08009671   Thumb Code    28  usart.o(i.UsartCommand)
    UsartPrint                               0x08009695   Thumb Code    52  usart.o(i.UsartPrint)
    VFD_Bow                                  0x080096d1   Thumb Code   462  vfd.o(i.VFD_Bow)
    VFD_Brightness                           0x080098a9   Thumb Code    14  vfd.o(i.VFD_Brightness)
    VFD_Clear                                0x080098b9   Thumb Code    46  vfd.o(i.VFD_Clear)
    VFD_Display                              0x080098ed   Thumb Code   174  main.o(i.VFD_Display)
    VFD_F5x7                                 0x080099b1   Thumb Code   650  vfd.o(i.VFD_F5x7)
    VFD_Init                                 0x08009c51   Thumb Code    44  vfd.o(i.VFD_Init)
    VFD_Load                                 0x08009c7d   Thumb Code    78  main.o(i.VFD_Load)
    VFD_MainDis                              0x08009cd5   Thumb Code   226  main.o(i.VFD_MainDis)
    VFD_PNTCls                               0x08009dbd   Thumb Code    10  vfd.o(i.VFD_PNTCls)
    VFD_PNTMSG                               0x08009dcd   Thumb Code    60  vfd.o(i.VFD_PNTMSG)
    VFD_PNTTIME                              0x08009e0d   Thumb Code    82  vfd.o(i.VFD_PNTTIME)
    VFD_Point                                0x08009e65   Thumb Code    44  vfd.o(i.VFD_Point)
    VFD_ReadPoint                            0x08009e95   Thumb Code    42  vfd.o(i.VFD_ReadPoint)
    VFD_Refresh_Vram                         0x08009ec5   Thumb Code   122  vfd.o(i.VFD_Refresh_Vram)
    VFD_SF5x7                                0x08009f4d   Thumb Code   118  vfd.o(i.VFD_SF5x7)
    VFD_WR_BYTE                              0x08009fc5   Thumb Code    28  vfd.o(i.VFD_WR_BYTE)
    VFD_WR_WORD                              0x08009fe5   Thumb Code    38  vfd.o(i.VFD_WR_WORD)
    VFD_Write                                0x0800a011   Thumb Code    16  vfd.o(i.VFD_Write)
    __0printf                                0x0800a025   Thumb Code    22  printfa.o(i.__0printf)
    __1printf                                0x0800a025   Thumb Code     0  printfa.o(i.__0printf)
    __2printf                                0x0800a025   Thumb Code     0  printfa.o(i.__0printf)
    __c89printf                              0x0800a025   Thumb Code     0  printfa.o(i.__0printf)
    printf                                   0x0800a025   Thumb Code     0  printfa.o(i.__0printf)
    __0sprintf                               0x0800a045   Thumb Code    34  printfa.o(i.__0sprintf)
    __1sprintf                               0x0800a045   Thumb Code     0  printfa.o(i.__0sprintf)
    __2sprintf                               0x0800a045   Thumb Code     0  printfa.o(i.__0sprintf)
    __c89sprintf                             0x0800a045   Thumb Code     0  printfa.o(i.__0sprintf)
    sprintf                                  0x0800a045   Thumb Code     0  printfa.o(i.__0sprintf)
    __scatterload_copy                       0x0800a06d   Thumb Code    14  handlers.o(i.__scatterload_copy)
    __scatterload_null                       0x0800a07b   Thumb Code     2  handlers.o(i.__scatterload_null)
    __scatterload_zeroinit                   0x0800a07d   Thumb Code    14  handlers.o(i.__scatterload_zeroinit)
    cont_str                                 0x0800a949   Thumb Code    16  main.o(i.cont_str)
    delay_us                                 0x0800a959   Thumb Code    24  i2c.o(i.delay_us)
    fputc                                    0x0800a971   Thumb Code    20  usart.o(i.fputc)
    main                                     0x0800a989   Thumb Code   328  main.o(i.main)
    AHBPrescTable                            0x0800ab1c   Data          16  system_stm32f1xx.o(.constdata)
    APBPrescTable                            0x0800ab2c   Data           8  system_stm32f1xx.o(.constdata)
    CovSc                                    0x0800ab34   Data          68  oled.o(.constdata)
    CovSd                                    0x0800ab78   Data          68  oled.o(.constdata)
    OCR_F10x16                               0x0800abbc   Data        1820  oled.o(.constdata)
    OCRB_F8x16                               0x0800b2d8   Data        1472  oled.o(.constdata)
    Agency_F12x24                            0x0800b898   Data        3276  oled.o(.constdata)
    Agency_F22x40                            0x0800c564   Data        1100  oled.o(.constdata)
    Robot_F32x46                             0x0800c9b0   Data        1920  oled.o(.constdata)
    RobotT_F32x46                            0x0800d130   Data        1920  oled.o(.constdata)
    RobotB_F32x46                            0x0800d8b0   Data        1920  oled.o(.constdata)
    Corn_CPU                                 0x0800e030   Data         874  oled.o(.constdata)
    Corn_GPU                                 0x0800e39a   Data         805  oled.o(.constdata)
    Corn_ASUS                                0x0800e6bf   Data        1380  oled.o(.constdata)
    Corn_SCPU                                0x0800ec23   Data          65  oled.o(.constdata)
    Corn_SGPU                                0x0800ec64   Data          65  oled.o(.constdata)
    Corn_SFANRAM                             0x0800eca5   Data          90  oled.o(.constdata)
    Corn_SRAM                                0x0800ecff   Data          70  oled.o(.constdata)
    Corn_SFAN                                0x0800ed45   Data          60  oled.o(.constdata)
    Corn_SFENQ                               0x0800ed81   Data          55  oled.o(.constdata)
    Corn_STEMP                               0x0800edb8   Data          55  oled.o(.constdata)
    Corn_SSTATE                              0x0800edef   Data          78  oled.o(.constdata)
    Defu_XF4x5                               0x0800ee3d   Data         110  oled.o(.constdata)
    Corn_USB                                 0x0800eeab   Data         448  oled.o(.constdata)
    Corn_Coordinate                          0x0800f06b   Data        5244  oled.o(.constdata)
    MotionBiTV                               0x080104e7   Data       12348  oled.o(.constdata)
    MotionShab                               0x08013523   Data       42336  oled.o(.constdata)
    Corn_Temp                                0x0801da83   Data          80  oled.o(.constdata)
    Corn_Freq                                0x0801dad3   Data          80  oled.o(.constdata)
    Corn_Load                                0x0801db23   Data          72  oled.o(.constdata)
    Show_Load                                0x0801db6b   Data         320  oled.o(.constdata)
    UI_Sport                                 0x0801dcab   Data       14592  oled.o(.constdata)
    VFD_Font                                 0x080215ab   Data         210  vfd.o(.constdata)
    VFD_Fonts                                0x0802167d   Data         910  vfd.o(.constdata)
    VFD_NumMt                                0x08021a0b   Data         160  vfd.o(.constdata)
    Region$$Table$$Base                      0x08021aac   Number         0  anon$$obj.o(Region$$Table)
    Region$$Table$$Limit                     0x08021acc   Number         0  anon$$obj.o(Region$$Table)
    Flag_Refrash                             0x20000000   Data           1  main.o(.data)
    Flag_Blink                               0x20000001   Data           1  main.o(.data)
    Flag_Sleep                               0x20000002   Data           1  main.o(.data)
    Flag_Continue                            0x20000003   Data           1  main.o(.data)
    Flag_Reception                           0x20000004   Data           1  main.o(.data)
    OfflineCount                             0x20000005   Data           1  main.o(.data)
    SystemActive                             0x20000006   Data           1  main.o(.data)
    SetTimeFlag                              0x20000007   Data           1  main.o(.data)
    RespFlag                                 0x20000008   Data           1  main.o(.data)
    RandomP                                  0x20000009   Data           1  main.o(.data)
    RandomPosX                               0x2000000a   Data           1  main.o(.data)
    RandomPosY                               0x2000000b   Data           1  main.o(.data)
    BTVPostionX                              0x2000000c   Data           1  main.o(.data)
    BTVPostionY                              0x2000000d   Data           1  main.o(.data)
    VFDDisFlag                               0x2000000e   Data           1  main.o(.data)
    HumanCount                               0x20000016   Data           2  main.o(.data)
    VFD_Bright                               0x20000018   Data           2  main.o(.data)
    VFD_Bright_Con                           0x2000001a   Data           2  main.o(.data)
    Display_Mode                             0x2000001c   Data           2  main.o(.data)
    VFDTipCount                              0x2000001e   Data           2  main.o(.data)
    Display_State                            0x2000002e   Data           5  main.o(.data)
    Display_Notification                     0x20000033   Data           6  main.o(.data)
    timed                                    0x2000003a   Data           8  main.o(.data)
    Uart_Recv1_Length                        0x20000042   Data           2  usart.o(.data)
    Uart_Overflow1_Flag                      0x20000044   Data           1  usart.o(.data)
    Uart_Overflow2_Flag                      0x20000045   Data           1  usart.o(.data)
    SaveFlag                                 0x20000046   Data           1  usart.o(.data)
    Uart_Overflow3_Flag                      0x20000047   Data           1  usart.o(.data)
    Uart_Recv3_Data                          0x2000004d   Data           1  usart.o(.data)
    UartClear                                0x2000004e   Data           4  usart.o(.data)
    Uartdata                                 0x20000052   Data           7  usart.o(.data)
    Clock_Msg                                0x20000059   Data           8  usart.o(.data)
    ReponseID                                0x20000061   Data          11  usart.o(.data)
    UartPrint                                0x2000006c   Data         255  usart.o(.data)
    Uart_Recv2_Length                        0x2000016c   Data           2  usart.o(.data)
    APDSFlag                                 0x2000016e   Data           1  stm32f1xx_it.o(.data)
    SystemCoreClock                          0x20000170   Data           4  system_stm32f1xx.o(.data)
    OLEDBk                                   0x20000174   Data           1  oled.o(.data)
    Notbarrefsflag                           0x20000175   Data           1  oled.o(.data)
    Notbarautoflag                           0x20000176   Data           1  oled.o(.data)
    ASUSMotionStep                           0x20000177   Data           1  oled.o(.data)
    MindNum                                  0x20000178   Data           1  oled.o(.data)
    CircleNum                                0x20000179   Data           1  oled.o(.data)
    SnowflakeNum                             0x2000017a   Data           1  oled.o(.data)
    MeteoNum                                 0x2000017b   Data           1  oled.o(.data)
    OLEDBright                               0x2000018e   Data           2  oled.o(.data)
    MovmeteorStep                            0x200001a0   Data           4  oled.o(.data)
    MovmeteorStep_X                          0x200001c0   Data           4  oled.o(.data)
    DefLineStep_X                            0x200001c4   Data           4  oled.o(.data)
    SHOW_CORN                                0x200001cd   Data           6  oled.o(.data)
    VPNT                                     0x200001d7   Data           2  vfd.o(.data)
    VCORN                                    0x200001d9   Data           5  vfd.o(.data)
    VFD_NumMtIndex                           0x200001de   Data          10  vfd.o(.data)
    VFD_DPointMt                             0x200001e8   Data          80  vfd.o(.data)
    DS3231_Init_Buf                          0x20000238   Data           7  ds3231.o(.data)
    DS3231_US_Buf                            0x2000023f   Data           7  ds3231.o(.data)
    RGBBright                                0x20000248   Data           2  sk6812.o(.data)
    RunStep                                  0x2000024c   Data           4  sk6812.o(.data)
    SPI_FLASH_TYPE                           0x20000250   Data           2  flash.o(.data)
    RmtSta                                   0x20000254   Data           1  remote.o(.data)
    RmtCnt                                   0x20000255   Data           1  remote.o(.data)
    Dval                                     0x20000256   Data           2  remote.o(.data)
    RmtRec                                   0x20000258   Data           4  remote.o(.data)
    uwTickFreq                               0x2000025c   Data           1  stm32f1xx_hal.o(.data)
    uwTickPrio                               0x20000260   Data           4  stm32f1xx_hal.o(.data)
    uwTick                                   0x20000264   Data           4  stm32f1xx_hal.o(.data)
    __stdout                                 0x2000026c   Data           4  stdout.o(.data)
    fall_pot                                 0x20000270   Data         250  main.o(.bss)
    flow_pot                                 0x2000036a   Data         250  main.o(.bss)
    BootGRAM                                 0x20000504   Data       14592  main.o(.bss)
    flow_vfdpot                              0x20003e04   Data          82  main.o(.bss)
    VFDTip                                   0x20003e56   Data          12  main.o(.bss)
    SampPoint                                0x20003e62   Data        3072  main.o(.bss)
    hadc1                                    0x20004a64   Data          48  adc.o(.bss)
    hspi1                                    0x20004a94   Data          88  spi.o(.bss)
    hspi2                                    0x20004aec   Data          88  spi.o(.bss)
    hdma_spi1_rx                             0x20004b44   Data          68  spi.o(.bss)
    htim4                                    0x20004b88   Data          64  tim.o(.bss)
    htim6                                    0x20004bc8   Data          64  tim.o(.bss)
    htim7                                    0x20004c08   Data          64  tim.o(.bss)
    htim8                                    0x20004c48   Data          64  tim.o(.bss)
    Uart_Recv1_Buf                           0x20004c88   Data         250  usart.o(.bss)
    Uart_Recv2_Buf                           0x20004d82   Data         250  usart.o(.bss)
    huart1                                   0x20004ebc   Data          64  usart.o(.bss)
    huart2                                   0x20004efc   Data          64  usart.o(.bss)
    huart3                                   0x20004f3c   Data          64  usart.o(.bss)
    hdma_usart1_rx                           0x20004f7c   Data          68  usart.o(.bss)
    hdma_usart1_tx                           0x20004fc0   Data          68  usart.o(.bss)
    hdma_usart2_rx                           0x20005004   Data          68  usart.o(.bss)
    hdma_usart2_tx                           0x20005048   Data          68  usart.o(.bss)
    Device_Cmd                               0x2000508c   Data          20  usart.o(.bss)
    Device_Msg                               0x200050a0   Data         362  usart.o(.bss)
    Device_Str                               0x2000520a   Data         180  usart.o(.bss)
    WiFi_Msg                                 0x200052be   Data         206  usart.o(.bss)
    OLED_GRAM                                0x20005424   Data       14592  oled.o(.bss)
    GRAM_Data                                0x20008d24   Data         448  oled.o(.bss)
    GRAM_Flow                                0x20008ee4   Data        5472  oled.o(.bss)
    FRAM_Flow                                0x2000a444   Data         100  oled.o(.bss)
    DampValue                                0x2000a4a8   Data          32  oled.o(.bss)
    RandMind                                 0x2000a4c8   Data         160  oled.o(.bss)
    MovMind                                  0x2000a568   Data         160  oled.o(.bss)
    MindStep_X                               0x2000a608   Data          80  oled.o(.bss)
    MindStep_Y                               0x2000a658   Data          80  oled.o(.bss)
    FucCircle                                0x2000a6a8   Data          48  oled.o(.bss)
    MovSnowflake                             0x2000a6d8   Data         300  oled.o(.bss)
    Movmeteor                                0x2000a804   Data         240  oled.o(.bss)
    Movmeteor_X                              0x2000a8f4   Data          80  oled.o(.bss)
    DefLine                                  0x2000a944   Data         300  oled.o(.bss)
    DefLine_X                                0x2000aa70   Data         120  oled.o(.bss)
    OneStaus                                 0x2000aae8   Data          50  vfd.o(.bss)
    OutFlag                                  0x2000ab1a   Data          50  vfd.o(.bss)
    StopTime                                 0x2000ab4c   Data          50  vfd.o(.bss)
    VRAM                                     0x2000ac0c   Data         336  vfd.o(.bss)
    VBAK                                     0x2000ad5c   Data         336  vfd.o(.bss)
    OneX                                     0x2000aeac   Data          50  vfd.o(.bss)
    OneY                                     0x2000aede   Data          50  vfd.o(.bss)
    MovX                                     0x2000af10   Data          50  vfd.o(.bss)
    MovY                                     0x2000af42   Data          50  vfd.o(.bss)
    FucBlin                                  0x2000af74   Data          30  vfd.o(.bss)
    ds3231                                   0x2000af92   Data         110  ds3231.o(.bss)
    RGBTAG                                   0x2000b000   Data         192  sk6812.o(.bss)
    RGBRAM                                   0x2000b0c0   Data         768  sk6812.o(.bss)
    TIM5_Handler                             0x2000b3c0   Data          64  remote.o(.bss)
    __initial_sp                             0x2000b800   Data           0  startup_stm32f103xe.o(STACK)



==============================================================================

Memory Map of the image

  Image Entry point : 0x08000131

  Load Region LR_IROM1 (Base: 0x08000000, Size: 0x00021d3c, Max: 0x00080000, ABSOLUTE, COMPRESSED[0x00021b78])

    Execution Region ER_IROM1 (Exec base: 0x08000000, Load base: 0x08000000, Size: 0x00021acc, Max: 0x00080000, ABSOLUTE)

    Exec Addr    Load Addr    Size         Type   Attr      Idx    E Section Name        Object

    0x08000000   0x08000000   0x00000130   Data   RO            3    RESET               startup_stm32f103xe.o
    0x08000130   0x08000130   0x00000000   Code   RO         5802  * .ARM.Collect$$$$00000000  mc_w.l(entry.o)
    0x08000130   0x08000130   0x00000004   Code   RO         6113    .ARM.Collect$$$$00000001  mc_w.l(entry2.o)
    0x08000134   0x08000134   0x00000004   Code   RO         6116    .ARM.Collect$$$$00000004  mc_w.l(entry5.o)
    0x08000138   0x08000138   0x00000000   Code   RO         6118    .ARM.Collect$$$$00000008  mc_w.l(entry7b.o)
    0x08000138   0x08000138   0x00000000   Code   RO         6120    .ARM.Collect$$$$0000000A  mc_w.l(entry8b.o)
    0x08000138   0x08000138   0x00000008   Code   RO         6121    .ARM.Collect$$$$0000000B  mc_w.l(entry9a.o)
    0x08000140   0x08000140   0x00000000   Code   RO         6123    .ARM.Collect$$$$0000000D  mc_w.l(entry10a.o)
    0x08000140   0x08000140   0x00000000   Code   RO         6125    .ARM.Collect$$$$0000000F  mc_w.l(entry11a.o)
    0x08000140   0x08000140   0x00000004   Code   RO         6114    .ARM.Collect$$$$00002712  mc_w.l(entry2.o)
    0x08000144   0x08000144   0x00000024   Code   RO            4    .text               startup_stm32f103xe.o
    0x08000168   0x08000168   0x00000020   Code   RO         5805    .text               mc_w.l(llushr.o)
    0x08000188   0x08000188   0x00000024   Code   RO         5807    .text               mc_w.l(rand.o)
    0x080001ac   0x080001ac   0x00000024   Code   RO         5810    .text               mc_w.l(memseta.o)
    0x080001d0   0x080001d0   0x000000b0   Code   RO         6073    .text               mf_w.l(fadd.o)
    0x08000280   0x08000280   0x00000064   Code   RO         6075    .text               mf_w.l(fmul.o)
    0x080002e4   0x080002e4   0x0000007c   Code   RO         6077    .text               mf_w.l(fdiv.o)
    0x08000360   0x08000360   0x00000018   Code   RO         6079    .text               mf_w.l(fscalb.o)
    0x08000378   0x08000378   0x0000014e   Code   RO         6081    .text               mf_w.l(dadd.o)
    0x080004c6   0x080004c6   0x000000e4   Code   RO         6083    .text               mf_w.l(dmul.o)
    0x080005aa   0x080005aa   0x000000de   Code   RO         6085    .text               mf_w.l(ddiv.o)
    0x08000688   0x08000688   0x00000012   Code   RO         6089    .text               mf_w.l(fflti.o)
    0x0800069a   0x0800069a   0x0000000a   Code   RO         6091    .text               mf_w.l(ffltui.o)
    0x080006a4   0x080006a4   0x0000001a   Code   RO         6095    .text               mf_w.l(dfltui.o)
    0x080006be   0x080006be   0x00000028   Code   RO         6099    .text               mf_w.l(ffixui.o)
    0x080006e6   0x080006e6   0x00000032   Code   RO         6103    .text               mf_w.l(dfixui.o)
    0x08000718   0x08000718   0x00000026   Code   RO         6105    .text               mf_w.l(f2d.o)
    0x0800073e   0x0800073e   0x00000038   Code   RO         6107    .text               mf_w.l(d2f.o)
    0x08000776   0x08000776   0x00000002   PAD
    0x08000778   0x08000778   0x00000014   Code   RO         6109    .text               mf_w.l(cfcmple.o)
    0x0800078c   0x0800078c   0x00000014   Code   RO         6111    .text               mf_w.l(cfrcmple.o)
    0x080007a0   0x080007a0   0x0000002c   Code   RO         6128    .text               mc_w.l(uidiv.o)
    0x080007cc   0x080007cc   0x00000062   Code   RO         6130    .text               mc_w.l(uldiv.o)
    0x0800082e   0x0800082e   0x0000001e   Code   RO         6132    .text               mc_w.l(llshl.o)
    0x0800084c   0x0800084c   0x00000024   Code   RO         6134    .text               mc_w.l(llsshr.o)
    0x08000870   0x08000870   0x00000000   Code   RO         6143    .text               mc_w.l(iusefp.o)
    0x08000870   0x08000870   0x0000006e   Code   RO         6144    .text               mf_w.l(fepilogue.o)
    0x080008de   0x080008de   0x000000ba   Code   RO         6146    .text               mf_w.l(depilogue.o)
    0x08000998   0x08000998   0x00000030   Code   RO         6150    .text               mf_w.l(dfixul.o)
    0x080009c8   0x080009c8   0x00000030   Code   RO         6154    .text               mf_w.l(cdrcmple.o)
    0x080009f8   0x080009f8   0x00000024   Code   RO         6156    .text               mc_w.l(init.o)
    0x08000a1c   0x08000a1c   0x00000056   Code   RO         6166    .text               mc_w.l(__dczerorl2.o)
    0x08000a72   0x08000a72   0x00000002   PAD
    0x08000a74   0x08000a74   0x0000004c   Code   RO         3045    i.ADC_ConversionStop_Disable  stm32f1xx_hal_adc.o
    0x08000ac0   0x08000ac0   0x00000080   Code   RO           13    i.AIWORKUI_Init     main.o
    0x08000b40   0x08000b40   0x000000c8   Code   RO           15    i.AIWORK_MainDisplay  main.o
    0x08000c08   0x08000c08   0x0000001c   Code   RO           16    i.AIWORK_Mode       main.o
    0x08000c24   0x08000c24   0x000000f0   Code   RO          805    i.AnalysisCommand   usart.o
    0x08000d14   0x08000d14   0x00000220   Code   RO          806    i.AnalysisComputermsg  usart.o
    0x08000f34   0x08000f34   0x00000084   Code   RO          808    i.AnalysisFFT       usart.o
    0x08000fb8   0x08000fb8   0x00000048   Code   RO          809    i.AnalysisMiStaus   usart.o
    0x08001000   0x08001000   0x00000110   Code   RO          810    i.AnalysisWiFiInter  usart.o
    0x08001110   0x08001110   0x00000254   Code   RO          811    i.AnalysisWiFiString  usart.o
    0x08001364   0x08001364   0x00000002   Code   RO         1090    i.BusFault_Handler  stm32f1xx_it.o
    0x08001366   0x08001366   0x00000002   PAD
    0x08001368   0x08001368   0x00000044   Code   RO           17    i.CalcTIMED         main.o
    0x080013ac   0x080013ac   0x00000018   Code   RO          813    i.ClearFFT          usart.o
    0x080013c4   0x080013c4   0x00000018   Code   RO         1722    i.Clear_FRAM        oled.o
    0x080013dc   0x080013dc   0x000001d4   Code   RO          814    i.ConvertData       usart.o
    0x080015b0   0x080015b0   0x00000104   Code   RO           19    i.DATEUI_Init       main.o
    0x080016b4   0x080016b4   0x0000010c   Code   RO           20    i.DATEUI_Out        main.o
    0x080017c0   0x080017c0   0x00000090   Code   RO           21    i.DATE_MainDisplay  main.o
    0x08001850   0x08001850   0x00000064   Code   RO           22    i.DATE_Mode         main.o
    0x080018b4   0x080018b4   0x0000000c   Code   RO         1091    i.DMA1_Channel2_IRQHandler  stm32f1xx_it.o
    0x080018c0   0x080018c0   0x0000000c   Code   RO         1092    i.DMA1_Channel4_IRQHandler  stm32f1xx_it.o
    0x080018cc   0x080018cc   0x0000000c   Code   RO         1093    i.DMA1_Channel5_IRQHandler  stm32f1xx_it.o
    0x080018d8   0x080018d8   0x0000000c   Code   RO         1094    i.DMA1_Channel6_IRQHandler  stm32f1xx_it.o
    0x080018e4   0x080018e4   0x0000000c   Code   RO         1095    i.DMA1_Channel7_IRQHandler  stm32f1xx_it.o
    0x080018f0   0x080018f0   0x0000002a   Code   RO         5200    i.DMA_SetConfig     stm32f1xx_hal_dma.o
    0x0800191a   0x0800191a   0x00000002   PAD
    0x0800191c   0x0800191c   0x0000007e   Code   RO         2349    i.DS3231_Operate_Register  ds3231.o
    0x0800199a   0x0800199a   0x00000002   PAD
    0x0800199c   0x0800199c   0x00000094   Code   RO         2350    i.DS3231_ReadWrite_Time  ds3231.o
    0x08001a30   0x08001a30   0x0000007c   Code   RO         2353    i.DS3231_SetUart    ds3231.o
    0x08001aac   0x08001aac   0x00000022   Code   RO         2355    i.DS3231_Time_Init  ds3231.o
    0x08001ace   0x08001ace   0x00000026   Code   RO         2356    i.DS3231_Write_Byte  ds3231.o
    0x08001af4   0x08001af4   0x00000024   Code   RO         1723    i.DampValueBusy     oled.o
    0x08001b18   0x08001b18   0x0000001c   Code   RO         1724    i.DampValueClear    oled.o
    0x08001b34   0x08001b34   0x00000002   Code   RO         1096    i.DebugMon_Handler  stm32f1xx_it.o
    0x08001b36   0x08001b36   0x00000002   PAD
    0x08001b38   0x08001b38   0x000000d8   Code   RO           23    i.Display_Style1    main.o
    0x08001c10   0x08001c10   0x00000134   Code   RO           24    i.Display_Style2    main.o
    0x08001d44   0x08001d44   0x00000164   Code   RO           25    i.Display_Style3    main.o
    0x08001ea8   0x08001ea8   0x000000e0   Code   RO           26    i.Display_Style4    main.o
    0x08001f88   0x08001f88   0x000000e0   Code   RO           27    i.Display_Style5    main.o
    0x08002068   0x08002068   0x00000138   Code   RO           28    i.Display_Style6    main.o
    0x080021a0   0x080021a0   0x00000024   Code   RO         1097    i.EXTI9_5_IRQHandler  stm32f1xx_it.o
    0x080021c4   0x080021c4   0x00000002   Code   RO           29    i.Error_Handler     main.o
    0x080021c6   0x080021c6   0x00000002   PAD
    0x080021c8   0x080021c8   0x00000048   Code   RO         1725    i.Flow_ASUS         oled.o
    0x08002210   0x08002210   0x00000080   Code   RO         1726    i.Flow_BTV          oled.o
    0x08002290   0x08002290   0x00000070   Code   RO         1727    i.Flow_Coordinate   oled.o
    0x08002300   0x08002300   0x0000005c   Code   RO         1728    i.Flow_Corn         oled.o
    0x0800235c   0x0800235c   0x00000050   Code   RO         1729    i.Flow_Line         oled.o
    0x080023ac   0x080023ac   0x00000060   Code   RO         1730    i.Flow_USB          oled.o
    0x0800240c   0x0800240c   0x00000098   Code   RO           32    i.GAME_Init         main.o
    0x080024a4   0x080024a4   0x000000e0   Code   RO           33    i.GAME_MainDisplay  main.o
    0x08002584   0x08002584   0x000000d0   Code   RO           34    i.GAME_Mode         main.o
    0x08002654   0x08002654   0x000000a0   Code   RO           35    i.GAME_Out          main.o
    0x080026f4   0x080026f4   0x000001c6   Code   RO         1316    i.GUI_Circle        gui_basic.o
    0x080028ba   0x080028ba   0x00000294   Code   RO         1317    i.GUI_CircleFill    gui_basic.o
    0x08002b4e   0x08002b4e   0x0000002a   Code   RO         1458    i.GUI_HLine         lcmdrv.o
    0x08002b78   0x08002b78   0x000000c8   Code   RO         1318    i.GUI_Line          gui_basic.o
    0x08002c40   0x08002c40   0x0000004c   Code   RO         1319    i.GUI_LineS         gui_basic.o
    0x08002c8c   0x08002c8c   0x0000003c   Code   RO         1731    i.GUI_Point         oled.o
    0x08002cc8   0x08002cc8   0x0000002a   Code   RO         1460    i.GUI_RLine         lcmdrv.o
    0x08002cf2   0x08002cf2   0x0000005e   Code   RO         1322    i.GUI_RectangleFill  gui_basic.o
    0x08002d50   0x08002d50   0x0000002a   Code   RO         1462    i.GUI_VFD_HLine     lcmdrv.o
    0x08002d7a   0x08002d7a   0x00000004   Code   RO         1463    i.GUI_VFD_Point     lcmdrv.o
    0x08002d7e   0x08002d7e   0x0000002a   Code   RO         1464    i.GUI_VFD_RLine     lcmdrv.o
    0x08002da8   0x08002da8   0x0000005e   Code   RO         1404    i.GUI_VFD_RectangleFill  gui_vfd.o
    0x08002e06   0x08002e06   0x00000002   PAD
    0x08002e08   0x08002e08   0x000000fc   Code   RO         3051    i.HAL_ADC_ConfigChannel  stm32f1xx_hal_adc.o
    0x08002f04   0x08002f04   0x00000120   Code   RO         3060    i.HAL_ADC_Init      stm32f1xx_hal_adc.o
    0x08003024   0x08003024   0x00000058   Code   RO          628    i.HAL_ADC_MspInit   adc.o
    0x0800307c   0x0800307c   0x00000030   Code   RO         5201    i.HAL_DMA_Abort     stm32f1xx_hal_dma.o
    0x080030ac   0x080030ac   0x00000130   Code   RO         5202    i.HAL_DMA_Abort_IT  stm32f1xx_hal_dma.o
    0x080031dc   0x080031dc   0x00000248   Code   RO         5206    i.HAL_DMA_IRQHandler  stm32f1xx_hal_dma.o
    0x08003424   0x08003424   0x0000007c   Code   RO         5207    i.HAL_DMA_Init      stm32f1xx_hal_dma.o
    0x080034a0   0x080034a0   0x00000070   Code   RO         5211    i.HAL_DMA_Start_IT  stm32f1xx_hal_dma.o
    0x08003510   0x08003510   0x00000024   Code   RO         4841    i.HAL_Delay         stm32f1xx_hal.o
    0x08003534   0x08003534   0x00000002   Code   RO         5135    i.HAL_GPIO_EXTI_Callback  stm32f1xx_hal_gpio.o
    0x08003536   0x08003536   0x00000002   PAD
    0x08003538   0x08003538   0x00000018   Code   RO         5136    i.HAL_GPIO_EXTI_IRQHandler  stm32f1xx_hal_gpio.o
    0x08003550   0x08003550   0x000001e8   Code   RO         5137    i.HAL_GPIO_Init     stm32f1xx_hal_gpio.o
    0x08003738   0x08003738   0x00000008   Code   RO         5140    i.HAL_GPIO_TogglePin  stm32f1xx_hal_gpio.o
    0x08003740   0x08003740   0x0000000a   Code   RO         5141    i.HAL_GPIO_WritePin  stm32f1xx_hal_gpio.o
    0x0800374a   0x0800374a   0x00000002   PAD
    0x0800374c   0x0800374c   0x0000000c   Code   RO         4845    i.HAL_GetTick       stm32f1xx_hal.o
    0x08003758   0x08003758   0x00000010   Code   RO         4849    i.HAL_IncTick       stm32f1xx_hal.o
    0x08003768   0x08003768   0x00000024   Code   RO         4850    i.HAL_Init          stm32f1xx_hal.o
    0x0800378c   0x0800378c   0x00000040   Code   RO         4851    i.HAL_InitTick      stm32f1xx_hal.o
    0x080037cc   0x080037cc   0x0000003c   Code   RO         1255    i.HAL_MspInit       stm32f1xx_hal_msp.o
    0x08003808   0x08003808   0x00000016   Code   RO         5297    i.HAL_NVIC_EnableIRQ  stm32f1xx_hal_cortex.o
    0x0800381e   0x0800381e   0x00000002   PAD
    0x08003820   0x08003820   0x00000040   Code   RO         5303    i.HAL_NVIC_SetPriority  stm32f1xx_hal_cortex.o
    0x08003860   0x08003860   0x00000024   Code   RO         5304    i.HAL_NVIC_SetPriorityGrouping  stm32f1xx_hal_cortex.o
    0x08003884   0x08003884   0x000000ec   Code   RO         5100    i.HAL_RCCEx_PeriphCLKConfig  stm32f1xx_hal_rcc_ex.o
    0x08003970   0x08003970   0x0000016c   Code   RO         4997    i.HAL_RCC_ClockConfig  stm32f1xx_hal_rcc.o
    0x08003adc   0x08003adc   0x00000020   Code   RO         5004    i.HAL_RCC_GetPCLK1Freq  stm32f1xx_hal_rcc.o
    0x08003afc   0x08003afc   0x00000020   Code   RO         5005    i.HAL_RCC_GetPCLK2Freq  stm32f1xx_hal_rcc.o
    0x08003b1c   0x08003b1c   0x0000006c   Code   RO         5006    i.HAL_RCC_GetSysClockFreq  stm32f1xx_hal_rcc.o
    0x08003b88   0x08003b88   0x00000304   Code   RO         5009    i.HAL_RCC_OscConfig  stm32f1xx_hal_rcc.o
    0x08003e8c   0x08003e8c   0x00000080   Code   RO         3332    i.HAL_SPI_Init      stm32f1xx_hal_spi.o
    0x08003f0c   0x08003f0c   0x000000e4   Code   RO          697    i.HAL_SPI_MspInit   spi.o
    0x08003ff0   0x08003ff0   0x00000150   Code   RO         3335    i.HAL_SPI_Receive   stm32f1xx_hal_spi.o
    0x08004140   0x08004140   0x00000168   Code   RO         3340    i.HAL_SPI_Transmit  stm32f1xx_hal_spi.o
    0x080042a8   0x080042a8   0x000001d8   Code   RO         3341    i.HAL_SPI_TransmitReceive  stm32f1xx_hal_spi.o
    0x08004480   0x08004480   0x00000028   Code   RO         5308    i.HAL_SYSTICK_Config  stm32f1xx_hal_cortex.o
    0x080044a8   0x080044a8   0x00000002   Code   RO         4275    i.HAL_TIMEx_BreakCallback  stm32f1xx_hal_tim_ex.o
    0x080044aa   0x080044aa   0x00000002   Code   RO         4276    i.HAL_TIMEx_CommutationCallback  stm32f1xx_hal_tim_ex.o
    0x080044ac   0x080044ac   0x00000050   Code   RO         4292    i.HAL_TIMEx_MasterConfigSynchronization  stm32f1xx_hal_tim_ex.o
    0x080044fc   0x080044fc   0x00000036   Code   RO         3646    i.HAL_TIM_Base_Init  stm32f1xx_hal_tim.o
    0x08004532   0x08004532   0x00000002   PAD
    0x08004534   0x08004534   0x000000b4   Code   RO          746    i.HAL_TIM_Base_MspInit  tim.o
    0x080045e8   0x080045e8   0x00000018   Code   RO         3651    i.HAL_TIM_Base_Start_IT  stm32f1xx_hal_tim.o
    0x08004600   0x08004600   0x0000002a   Code   RO         3654    i.HAL_TIM_Base_Stop_IT  stm32f1xx_hal_tim.o
    0x0800462a   0x0800462a   0x000000f2   Code   RO         3655    i.HAL_TIM_ConfigClockSource  stm32f1xx_hal_tim.o
    0x0800471c   0x0800471c   0x000000d0   Code   RO         2668    i.HAL_TIM_IC_CaptureCallback  remote.o
    0x080047ec   0x080047ec   0x00000036   Code   RO         3679    i.HAL_TIM_IC_Init   stm32f1xx_hal_tim.o
    0x08004822   0x08004822   0x00000002   PAD
    0x08004824   0x08004824   0x0000005c   Code   RO         2669    i.HAL_TIM_IC_MspInit  remote.o
    0x08004880   0x08004880   0x00000166   Code   RO         3688    i.HAL_TIM_IRQHandler  stm32f1xx_hal_tim.o
    0x080049e6   0x080049e6   0x00000002   Code   RO         3691    i.HAL_TIM_OC_DelayElapsedCallback  stm32f1xx_hal_tim.o
    0x080049e8   0x080049e8   0x00000002   Code   RO         3718    i.HAL_TIM_PWM_PulseFinishedCallback  stm32f1xx_hal_tim.o
    0x080049ea   0x080049ea   0x00000002   PAD
    0x080049ec   0x080049ec   0x00000214   Code   RO           36    i.HAL_TIM_PeriodElapsedCallback  main.o
    0x08004c00   0x08004c00   0x00000044   Code   RO         3726    i.HAL_TIM_ReadCapturedValue  stm32f1xx_hal_tim.o
    0x08004c44   0x08004c44   0x00000002   Code   RO         3729    i.HAL_TIM_TriggerCallback  stm32f1xx_hal_tim.o
    0x08004c46   0x08004c46   0x00000058   Code   RO         4527    i.HAL_UART_DMAStop  stm32f1xx_hal_uart.o
    0x08004c9e   0x08004c9e   0x00000002   PAD
    0x08004ca0   0x08004ca0   0x00000038   Code   RO          815    i.HAL_UART_ErrorCallback  usart.o
    0x08004cd8   0x08004cd8   0x00000110   Code   RO         4532    i.HAL_UART_IRQHandler  stm32f1xx_hal_uart.o
    0x08004de8   0x08004de8   0x00000062   Code   RO         4533    i.HAL_UART_Init     stm32f1xx_hal_uart.o
    0x08004e4a   0x08004e4a   0x00000002   PAD
    0x08004e4c   0x08004e4c   0x000001f0   Code   RO          817    i.HAL_UART_MspInit  usart.o
    0x0800503c   0x0800503c   0x00000098   Code   RO         4537    i.HAL_UART_Receive_DMA  stm32f1xx_hal_uart.o
    0x080050d4   0x080050d4   0x00000052   Code   RO         4538    i.HAL_UART_Receive_IT  stm32f1xx_hal_uart.o
    0x08005126   0x08005126   0x00000002   PAD
    0x08005128   0x08005128   0x000000dc   Code   RO          818    i.HAL_UART_RxCpltCallback  usart.o
    0x08005204   0x08005204   0x00000002   Code   RO         4540    i.HAL_UART_RxHalfCpltCallback  stm32f1xx_hal_uart.o
    0x08005206   0x08005206   0x000000ba   Code   RO         4541    i.HAL_UART_Transmit  stm32f1xx_hal_uart.o
    0x080052c0   0x080052c0   0x0000003e   Code   RO         4543    i.HAL_UART_Transmit_IT  stm32f1xx_hal_uart.o
    0x080052fe   0x080052fe   0x00000002   Code   RO         4544    i.HAL_UART_TxCpltCallback  stm32f1xx_hal_uart.o
    0x08005300   0x08005300   0x00000022   Code   RO         2357    i.HEX2BCD           ds3231.o
    0x08005322   0x08005322   0x00000002   Code   RO         1098    i.HardFault_Handler  stm32f1xx_it.o
    0x08005324   0x08005324   0x0000002c   Code   RO         2724    i.IIC_Ack           i2c.o
    0x08005350   0x08005350   0x0000002c   Code   RO         2725    i.IIC_NAck          i2c.o
    0x0800537c   0x0800537c   0x00000054   Code   RO         2727    i.IIC_Read_Byte1    i2c.o
    0x080053d0   0x080053d0   0x00000030   Code   RO         2729    i.IIC_Start         i2c.o
    0x08005400   0x08005400   0x00000030   Code   RO         2730    i.IIC_Stop          i2c.o
    0x08005430   0x08005430   0x00000070   Code   RO         2732    i.IIC_Write_Byte    i2c.o
    0x080054a0   0x080054a0   0x000000fc   Code   RO          819    i.InitData          usart.o
    0x0800559c   0x0800559c   0x00000050   Code   RO          820    i.Judge_Mode        usart.o
    0x080055ec   0x080055ec   0x0000002c   Code   RO           37    i.Judge_Notification  main.o
    0x08005618   0x08005618   0x000000a4   Code   RO           38    i.MUSICUI_Init      main.o
    0x080056bc   0x080056bc   0x00000088   Code   RO           39    i.MUSICUI_Out       main.o
    0x08005744   0x08005744   0x0000008c   Code   RO           40    i.MUSIC_Mode        main.o
    0x080057d0   0x080057d0   0x0000004c   Code   RO          629    i.MX_ADC1_Init      adc.o
    0x0800581c   0x0800581c   0x0000006c   Code   RO          669    i.MX_DMA_Init       dma.o
    0x08005888   0x08005888   0x000001a8   Code   RO          509    i.MX_GPIO_Init      gpio.o
    0x08005a30   0x08005a30   0x00000048   Code   RO          698    i.MX_SPI1_Init      spi.o
    0x08005a78   0x08005a78   0x00000048   Code   RO          699    i.MX_SPI2_Init      spi.o
    0x08005ac0   0x08005ac0   0x00000068   Code   RO          747    i.MX_TIM4_Init      tim.o
    0x08005b28   0x08005b28   0x00000048   Code   RO          748    i.MX_TIM6_Init      tim.o
    0x08005b70   0x08005b70   0x00000048   Code   RO          749    i.MX_TIM7_Init      tim.o
    0x08005bb8   0x08005bb8   0x0000006c   Code   RO          750    i.MX_TIM8_Init      tim.o
    0x08005c24   0x08005c24   0x00000038   Code   RO          821    i.MX_USART1_UART_Init  usart.o
    0x08005c5c   0x08005c5c   0x00000038   Code   RO          822    i.MX_USART2_UART_Init  usart.o
    0x08005c94   0x08005c94   0x00000038   Code   RO          823    i.MX_USART3_UART_Init  usart.o
    0x08005ccc   0x08005ccc   0x00000002   Code   RO         1099    i.MemManage_Handler  stm32f1xx_it.o
    0x08005cce   0x08005cce   0x00000002   PAD
    0x08005cd0   0x08005cd0   0x00000038   Code   RO         1733    i.Motion_BTV        oled.o
    0x08005d08   0x08005d08   0x00000078   Code   RO         1734    i.Motion_Circle     oled.o
    0x08005d80   0x08005d80   0x00000064   Code   RO         1735    i.Motion_CircleInit  oled.o
    0x08005de4   0x08005de4   0x000001f0   Code   RO         1736    i.Motion_Mind       oled.o
    0x08005fd4   0x08005fd4   0x00000174   Code   RO         1737    i.Motion_MindInit   oled.o
    0x08006148   0x08006148   0x000001d0   Code   RO         1738    i.Motion_Movmeteor  oled.o
    0x08006318   0x08006318   0x00000098   Code   RO         1739    i.Motion_MovmeteorInit  oled.o
    0x080063b0   0x080063b0   0x000000f8   Code   RO         1741    i.Motion_Snowflake  oled.o
    0x080064a8   0x080064a8   0x00000070   Code   RO         1742    i.Motion_SnowflakeInit  oled.o
    0x08006518   0x08006518   0x00000002   Code   RO         1100    i.NMI_Handler       stm32f1xx_it.o
    0x0800651a   0x0800651a   0x00000002   PAD
    0x0800651c   0x0800651c   0x00000160   Code   RO           41    i.NORMALUI_Init     main.o
    0x0800667c   0x0800667c   0x00000094   Code   RO           42    i.NORMALUI_Out      main.o
    0x08006710   0x08006710   0x00000108   Code   RO           43    i.NORMAL_MainDisplay  main.o
    0x08006818   0x08006818   0x0000008c   Code   RO           44    i.NORMAL_Mode       main.o
    0x080068a4   0x080068a4   0x00000020   Code   RO         5310    i.NVIC_SetPriority  stm32f1xx_hal_cortex.o
    0x080068c4   0x080068c4   0x00000058   Code   RO          824    i.Nix2Num           usart.o
    0x0800691c   0x0800691c   0x00000038   Code   RO         1745    i.OLED_25664        oled.o
    0x08006954   0x08006954   0x000000b4   Code   RO         1746    i.OLED_AllMotion    oled.o
    0x08006a08   0x08006a08   0x00000016   Code   RO         1747    i.OLED_AllMotion_Init  oled.o
    0x08006a1e   0x08006a1e   0x00000002   PAD
    0x08006a20   0x08006a20   0x000000dc   Code   RO         1748    i.OLED_BAR          oled.o
    0x08006afc   0x08006afc   0x00000124   Code   RO         1749    i.OLED_BAR64x10     oled.o
    0x08006c20   0x08006c20   0x00000044   Code   RO           46    i.OLED_Boot         main.o
    0x08006c64   0x08006c64   0x000001ec   Code   RO         1750    i.OLED_Clar         oled.o
    0x08006e50   0x08006e50   0x0000002c   Code   RO         1751    i.OLED_Clear        oled.o
    0x08006e7c   0x08006e7c   0x00000020   Code   RO         1753    i.OLED_CustormMotion  oled.o
    0x08006e9c   0x08006e9c   0x00000094   Code   RO         1757    i.OLED_F10x16       oled.o
    0x08006f30   0x08006f30   0x00000094   Code   RO         1758    i.OLED_F12x24       oled.o
    0x08006fc4   0x08006fc4   0x0000009c   Code   RO         1759    i.OLED_F22x40       oled.o
    0x08007060   0x08007060   0x0000008c   Code   RO         1761    i.OLED_F8x16        oled.o
    0x080070ec   0x080070ec   0x00000028   Code   RO         1762    i.OLED_Fill         oled.o
    0x08007114   0x08007114   0x000000e0   Code   RO         1763    i.OLED_FucCircle    oled.o
    0x080071f4   0x080071f4   0x00000038   Code   RO         1764    i.OLED_Full         oled.o
    0x0800722c   0x0800722c   0x000000c8   Code   RO         1765    i.OLED_Init         oled.o
    0x080072f4   0x080072f4   0x00000084   Code   RO         1766    i.OLED_MovMind      oled.o
    0x08007378   0x08007378   0x000000c8   Code   RO         1767    i.OLED_MovSnowflake  oled.o
    0x08007440   0x08007440   0x0000003c   Code   RO         1768    i.OLED_Movmeteor    oled.o
    0x0800747c   0x0800747c   0x0000004c   Code   RO         1769    i.OLED_OlRefresh_Gram  oled.o
    0x080074c8   0x080074c8   0x00000214   Code   RO         1770    i.OLED_Part         oled.o
    0x080076dc   0x080076dc   0x000000c0   Code   RO         1771    i.OLED_Putchar2GRAM  oled.o
    0x0800779c   0x0800779c   0x000000dc   Code   RO         1772    i.OLED_RefrashCoordinate  oled.o
    0x08007878   0x08007878   0x0000004c   Code   RO         1773    i.OLED_Refresh_AddBack  oled.o
    0x080078c4   0x080078c4   0x000000ac   Code   RO         1774    i.OLED_Refresh_Gram  oled.o
    0x08007970   0x08007970   0x0000002c   Code   RO         1776    i.OLED_SF10x16      oled.o
    0x0800799c   0x0800799c   0x0000002c   Code   RO         1777    i.OLED_SF12x24      oled.o
    0x080079c8   0x080079c8   0x0000002c   Code   RO         1778    i.OLED_SF22x40      oled.o
    0x080079f4   0x080079f4   0x0000002c   Code   RO         1780    i.OLED_SF8x16       oled.o
    0x08007a20   0x08007a20   0x00000024   Code   RO         1781    i.OLED_WR_CMD       oled.o
    0x08007a44   0x08007a44   0x0000001c   Code   RO         1782    i.OLED_WR_DATA      oled.o
    0x08007a60   0x08007a60   0x0000003c   Code   RO         1783    i.OLED_XF4x5        oled.o
    0x08007a9c   0x08007a9c   0x00000002   Code   RO         1101    i.PendSV_Handler    stm32f1xx_it.o
    0x08007a9e   0x08007a9e   0x00000002   PAD
    0x08007aa0   0x08007aa0   0x00000050   Code   RO          825    i.Recvcmd           usart.o
    0x08007af0   0x08007af0   0x00000034   Code   RO         2670    i.Remote_Init       remote.o
    0x08007b24   0x08007b24   0x00000020   Code   RO         2733    i.SDA_IN            i2c.o
    0x08007b44   0x08007b44   0x0000001c   Code   RO         2734    i.SDA_OUT           i2c.o
    0x08007b60   0x08007b60   0x000000b0   Code   RO         2455    i.SK6812_Flow       sk6812.o
    0x08007c10   0x08007c10   0x00000028   Code   RO         2456    i.SK6812_Init       sk6812.o
    0x08007c38   0x08007c38   0x00000048   Code   RO         2457    i.SK6812_Refrash    sk6812.o
    0x08007c80   0x08007c80   0x00000024   Code   RO         2458    i.SK6812_Same       sk6812.o
    0x08007ca4   0x08007ca4   0x00000074   Code   RO         2459    i.SK6812_Wheel      sk6812.o
    0x08007d18   0x08007d18   0x000000a0   Code   RO         2460    i.SK6812_WheelAll   sk6812.o
    0x08007db8   0x08007db8   0x00000070   Code   RO         2461    i.SK6812_WheelS     sk6812.o
    0x08007e28   0x08007e28   0x0000005c   Code   RO         2462    i.SK6812_Write      sk6812.o
    0x08007e84   0x08007e84   0x000000c0   Code   RO         2463    i.SK6812_send_H     sk6812.o
    0x08007f44   0x08007f44   0x000000c4   Code   RO         2464    i.SK6812_send_L     sk6812.o
    0x08008008   0x08008008   0x0000005c   Code   RO           48    i.SLEEP_Mode        main.o
    0x08008064   0x08008064   0x00000020   Code   RO         2541    i.SPI1_ReadWriteByte  flash.o
    0x08008084   0x08008084   0x00000020   Code   RO         3356    i.SPI_CheckFlag_BSY  stm32f1xx_hal_spi.o
    0x080080a4   0x080080a4   0x00000028   Code   RO         2543    i.SPI_FLASH_Write_Enable  flash.o
    0x080080cc   0x080080cc   0x0000004c   Code   RO         2546    i.SPI_Flash_Erase_Sector  flash.o
    0x08008118   0x08008118   0x00000028   Code   RO         2547    i.SPI_Flash_Init    flash.o
    0x08008140   0x08008140   0x00000054   Code   RO         2549    i.SPI_Flash_Read    flash.o
    0x08008194   0x08008194   0x0000004c   Code   RO         2550    i.SPI_Flash_ReadID  flash.o
    0x080081e0   0x080081e0   0x00000030   Code   RO         2551    i.SPI_Flash_ReadSR  flash.o
    0x08008210   0x08008210   0x0000000e   Code   RO         2553    i.SPI_Flash_Wait_Busy  flash.o
    0x0800821e   0x0800821e   0x0000001c   Code   RO         2554    i.SPI_Flash_Write   flash.o
    0x0800823a   0x0800823a   0x0000003e   Code   RO         2555    i.SPI_Flash_Write_NoCheck  flash.o
    0x08008278   0x08008278   0x00000060   Code   RO         2556    i.SPI_Flash_Write_Page  flash.o
    0x080082d8   0x080082d8   0x00000096   Code   RO         3375    i.SPI_WaitFlagStateUntilTimeout  stm32f1xx_hal_spi.o
    0x0800836e   0x0800836e   0x00000002   Code   RO         1102    i.SVC_Handler       stm32f1xx_it.o
    0x08008370   0x08008370   0x000000ec   Code   RO         1785    i.Showbar           oled.o
    0x0800845c   0x0800845c   0x00000314   Code   RO         1786    i.SportUI2Mt        oled.o
    0x08008770   0x08008770   0x000004e0   Code   RO         1787    i.SportUIMt         oled.o
    0x08008c50   0x08008c50   0x00000004   Code   RO         1103    i.SysTick_Handler   stm32f1xx_it.o
    0x08008c54   0x08008c54   0x00000062   Code   RO           49    i.SystemClock_Config  main.o
    0x08008cb6   0x08008cb6   0x00000002   PAD
    0x08008cb8   0x08008cb8   0x00000048   Code   RO         1280    i.SystemInit        system_stm32f1xx.o
    0x08008d00   0x08008d00   0x0000000c   Code   RO         1104    i.TIM4_IRQHandler   stm32f1xx_it.o
    0x08008d0c   0x08008d0c   0x0000000c   Code   RO         2672    i.TIM5_IRQHandler   remote.o
    0x08008d18   0x08008d18   0x0000000c   Code   RO         1105    i.TIM6_IRQHandler   stm32f1xx_it.o
    0x08008d24   0x08008d24   0x0000000c   Code   RO         1106    i.TIM7_IRQHandler   stm32f1xx_it.o
    0x08008d30   0x08008d30   0x0000000c   Code   RO         1107    i.TIM8_UP_IRQHandler  stm32f1xx_it.o
    0x08008d3c   0x08008d3c   0x0000008c   Code   RO         3730    i.TIM_Base_SetConfig  stm32f1xx_hal_tim.o
    0x08008dc8   0x08008dc8   0x00000014   Code   RO         3737    i.TIM_ETR_SetConfig  stm32f1xx_hal_tim.o
    0x08008ddc   0x08008ddc   0x00000010   Code   RO         3738    i.TIM_ITRx_SetConfig  stm32f1xx_hal_tim.o
    0x08008dec   0x08008dec   0x00000022   Code   RO         3744    i.TIM_TI1_ConfigInputStage  stm32f1xx_hal_tim.o
    0x08008e0e   0x08008e0e   0x00000024   Code   RO         3746    i.TIM_TI2_ConfigInputStage  stm32f1xx_hal_tim.o
    0x08008e32   0x08008e32   0x00000002   PAD
    0x08008e34   0x08008e34   0x00000294   Code   RO         2358    i.Time_Handle       ds3231.o
    0x080090c8   0x080090c8   0x00000064   Code   RO          826    i.Tranfcmd          usart.o
    0x0800912c   0x0800912c   0x00000010   Code   RO         4546    i.UART_DMAAbortOnError  stm32f1xx_hal_uart.o
    0x0800913c   0x0800913c   0x0000004a   Code   RO         4547    i.UART_DMAError     stm32f1xx_hal_uart.o
    0x08009186   0x08009186   0x0000003c   Code   RO         4548    i.UART_DMAReceiveCplt  stm32f1xx_hal_uart.o
    0x080091c2   0x080091c2   0x0000000a   Code   RO         4550    i.UART_DMARxHalfCplt  stm32f1xx_hal_uart.o
    0x080091cc   0x080091cc   0x0000001c   Code   RO         4556    i.UART_EndRxTransfer  stm32f1xx_hal_uart.o
    0x080091e8   0x080091e8   0x00000012   Code   RO         4557    i.UART_EndTxTransfer  stm32f1xx_hal_uart.o
    0x080091fa   0x080091fa   0x00000096   Code   RO         4558    i.UART_Receive_IT   stm32f1xx_hal_uart.o
    0x08009290   0x08009290   0x00000170   Code   RO         4559    i.UART_SetConfig    stm32f1xx_hal_uart.o
    0x08009400   0x08009400   0x00000062   Code   RO         4560    i.UART_Transmit_IT  stm32f1xx_hal_uart.o
    0x08009462   0x08009462   0x00000064   Code   RO         4561    i.UART_WaitOnFlagUntilTimeout  stm32f1xx_hal_uart.o
    0x080094c6   0x080094c6   0x00000002   PAD
    0x080094c8   0x080094c8   0x0000007c   Code   RO         1108    i.USART1_IRQHandler  stm32f1xx_it.o
    0x08009544   0x08009544   0x00000070   Code   RO         1109    i.USART2_IRQHandler  stm32f1xx_it.o
    0x080095b4   0x080095b4   0x0000000c   Code   RO         1110    i.USART3_IRQHandler  stm32f1xx_it.o
    0x080095c0   0x080095c0   0x000000ac   Code   RO           55    i.Update_Pos        main.o
    0x0800966c   0x0800966c   0x00000002   Code   RO         1111    i.UsageFault_Handler  stm32f1xx_it.o
    0x0800966e   0x0800966e   0x00000002   PAD
    0x08009670   0x08009670   0x00000024   Code   RO          828    i.UsartCommand      usart.o
    0x08009694   0x08009694   0x0000003c   Code   RO          829    i.UsartPrint        usart.o
    0x080096d0   0x080096d0   0x000001d8   Code   RO         2165    i.VFD_Bow           vfd.o
    0x080098a8   0x080098a8   0x0000000e   Code   RO         2166    i.VFD_Brightness    vfd.o
    0x080098b6   0x080098b6   0x00000002   PAD
    0x080098b8   0x080098b8   0x00000034   Code   RO         2167    i.VFD_Clear         vfd.o
    0x080098ec   0x080098ec   0x000000c4   Code   RO           56    i.VFD_Display       main.o
    0x080099b0   0x080099b0   0x000002a0   Code   RO         2170    i.VFD_F5x7          vfd.o
    0x08009c50   0x08009c50   0x0000002c   Code   RO         2174    i.VFD_Init          vfd.o
    0x08009c7c   0x08009c7c   0x00000058   Code   RO           57    i.VFD_Load          main.o
    0x08009cd4   0x08009cd4   0x000000e8   Code   RO           58    i.VFD_MainDis       main.o
    0x08009dbc   0x08009dbc   0x00000010   Code   RO         2175    i.VFD_PNTCls        vfd.o
    0x08009dcc   0x08009dcc   0x00000040   Code   RO         2176    i.VFD_PNTMSG        vfd.o
    0x08009e0c   0x08009e0c   0x00000058   Code   RO         2177    i.VFD_PNTTIME       vfd.o
    0x08009e64   0x08009e64   0x00000030   Code   RO         2179    i.VFD_Point         vfd.o
    0x08009e94   0x08009e94   0x00000030   Code   RO         2180    i.VFD_ReadPoint     vfd.o
    0x08009ec4   0x08009ec4   0x00000088   Code   RO         2181    i.VFD_Refresh_Vram  vfd.o
    0x08009f4c   0x08009f4c   0x00000076   Code   RO         2182    i.VFD_SF5x7         vfd.o
    0x08009fc2   0x08009fc2   0x00000002   PAD
    0x08009fc4   0x08009fc4   0x00000020   Code   RO         2184    i.VFD_WR_BYTE       vfd.o
    0x08009fe4   0x08009fe4   0x0000002c   Code   RO         2185    i.VFD_WR_WORD       vfd.o
    0x0800a010   0x0800a010   0x00000014   Code   RO         2186    i.VFD_Write         vfd.o
    0x0800a024   0x0800a024   0x00000020   Code   RO         6045    i.__0printf         mc_w.l(printfa.o)
    0x0800a044   0x0800a044   0x00000028   Code   RO         6047    i.__0sprintf        mc_w.l(printfa.o)
    0x0800a06c   0x0800a06c   0x0000000e   Code   RO         6160    i.__scatterload_copy  mc_w.l(handlers.o)
    0x0800a07a   0x0800a07a   0x00000002   Code   RO         6161    i.__scatterload_null  mc_w.l(handlers.o)
    0x0800a07c   0x0800a07c   0x0000000e   Code   RO         6162    i.__scatterload_zeroinit  mc_w.l(handlers.o)
    0x0800a08a   0x0800a08a   0x00000002   PAD
    0x0800a08c   0x0800a08c   0x00000184   Code   RO         6052    i._fp_digits        mc_w.l(printfa.o)
    0x0800a210   0x0800a210   0x000006dc   Code   RO         6053    i._printf_core      mc_w.l(printfa.o)
    0x0800a8ec   0x0800a8ec   0x00000024   Code   RO         6054    i._printf_post_padding  mc_w.l(printfa.o)
    0x0800a910   0x0800a910   0x0000002e   Code   RO         6055    i._printf_pre_padding  mc_w.l(printfa.o)
    0x0800a93e   0x0800a93e   0x0000000a   Code   RO         6057    i._sputc            mc_w.l(printfa.o)
    0x0800a948   0x0800a948   0x00000010   Code   RO           59    i.cont_str          main.o
    0x0800a958   0x0800a958   0x00000018   Code   RO         2735    i.delay_us          i2c.o
    0x0800a970   0x0800a970   0x00000018   Code   RO          830    i.fputc             usart.o
    0x0800a988   0x0800a988   0x00000194   Code   RO           61    i.main              main.o
    0x0800ab1c   0x0800ab1c   0x00000010   Data   RO         1281    .constdata          system_stm32f1xx.o
    0x0800ab2c   0x0800ab2c   0x00000008   Data   RO         1282    .constdata          system_stm32f1xx.o
    0x0800ab34   0x0800ab34   0x00012f4f   Data   RO         1789    .constdata          oled.o
    0x0801da83   0x0801da83   0x00000050   Data   RO         1796    .constdata          oled.o
    0x0801dad3   0x0801dad3   0x00000050   Data   RO         1797    .constdata          oled.o
    0x0801db23   0x0801db23   0x00000048   Data   RO         1798    .constdata          oled.o
    0x0801db6b   0x0801db6b   0x00000140   Data   RO         1799    .constdata          oled.o
    0x0801dcab   0x0801dcab   0x00003900   Data   RO         1802    .constdata          oled.o
    0x080215ab   0x080215ab   0x00000500   Data   RO         2189    .constdata          vfd.o
    0x08021aab   0x08021aab   0x00000001   PAD
    0x08021aac   0x08021aac   0x00000020   Data   RO         6158    Region$$Table       anon$$obj.o


    Execution Region RW_IRAM1 (Exec base: 0x20000000, Load base: 0x08021acc, Size: 0x0000b800, Max: 0x00010000, ABSOLUTE, COMPRESSED[0x000000ac])

    Exec Addr    Load Addr    Size         Type   Attr      Idx    E Section Name        Object

    0x20000000   COMPRESSED   0x00000042   Data   RW           64    .data               main.o
    0x20000042   COMPRESSED   0x00000002   Data   RW          834    .data               usart.o
    0x20000044   COMPRESSED   0x00000127   Data   RW          835    .data               usart.o
    0x2000016b   COMPRESSED   0x00000001   PAD
    0x2000016c   COMPRESSED   0x00000002   Data   RW          836    .data               usart.o
    0x2000016e   COMPRESSED   0x00000001   Data   RW         1112    .data               stm32f1xx_it.o
    0x2000016f   COMPRESSED   0x00000001   PAD
    0x20000170   COMPRESSED   0x00000004   Data   RW         1283    .data               system_stm32f1xx.o
    0x20000174   COMPRESSED   0x0000005f   Data   RW         1804    .data               oled.o
    0x200001d3   COMPRESSED   0x00000065   Data   RW         2190    .data               vfd.o
    0x20000238   COMPRESSED   0x0000000e   Data   RW         2361    .data               ds3231.o
    0x20000246   COMPRESSED   0x00000002   PAD
    0x20000248   COMPRESSED   0x00000008   Data   RW         2466    .data               sk6812.o
    0x20000250   COMPRESSED   0x00000002   Data   RW         2559    .data               flash.o
    0x20000252   COMPRESSED   0x00000002   PAD
    0x20000254   COMPRESSED   0x00000008   Data   RW         2674    .data               remote.o
    0x2000025c   COMPRESSED   0x0000000c   Data   RW         4857    .data               stm32f1xx_hal.o
    0x20000268   COMPRESSED   0x00000004   Data   RW         5808    .data               mc_w.l(rand.o)
    0x2000026c   COMPRESSED   0x00000004   Data   RW         6127    .data               mc_w.l(stdout.o)
    0x20000270        -       0x000047f2   Zero   RW           62    .bss                main.o
    0x20004a62   COMPRESSED   0x00000002   PAD
    0x20004a64        -       0x00000030   Zero   RW          630    .bss                adc.o
    0x20004a94        -       0x000000f4   Zero   RW          700    .bss                spi.o
    0x20004b88        -       0x00000100   Zero   RW          751    .bss                tim.o
    0x20004c88        -       0x000000fa   Zero   RW          831    .bss                usart.o
    0x20004d82        -       0x000000fa   Zero   RW          832    .bss                usart.o
    0x20004e7c        -       0x00000510   Zero   RW          833    .bss                usart.o
    0x2000538c        -       0x0000575c   Zero   RW         1788    .bss                oled.o
    0x2000aae8        -       0x000004aa   Zero   RW         2188    .bss                vfd.o
    0x2000af92        -       0x0000006e   Zero   RW         2360    .bss                ds3231.o
    0x2000b000        -       0x000003c0   Zero   RW         2465    .bss                sk6812.o
    0x2000b3c0        -       0x00000040   Zero   RW         2673    .bss                remote.o
    0x2000b400        -       0x00000400   Zero   RW            1    STACK               startup_stm32f103xe.o


==============================================================================

Image component sizes


      Code (inc. data)   RO Data    RW Data    ZI Data      Debug   Object Name

       164         20          0          0         48       1553   adc.o
       108          4          0          0          0        750   dma.o
      1164        368          0         14        110       7569   ds3231.o
       596         60          0          2          0       6697   flash.o
       424         26          0          0          0     494307   gpio.o
      1484          0          0          0          0       8945   gui_basic.o
        94          0          0          0          0        804   gui_vfd.o
       464         36          0          0          0       4584   i2c.o
       172          0          0          0          0       4068   lcmdrv.o
      6868        810          0         66      18418     504766   main.o
      9530        480      92791         95      22364      42119   oled.o
       364         44          0          8         64       2766   remote.o
      1192         72          0          8        960       6329   sk6812.o
       372         46          0          0        244       2327   spi.o
        36          8        304          0       1024        784   startup_stm32f103xe.o
       164         28          0         12          0       6357   stm32f1xx_hal.o
       616         28          0          0          0       3264   stm32f1xx_hal_adc.o
       194         14          0          0          0      25627   stm32f1xx_hal_cortex.o
      1214         52          0          0          0       4890   stm32f1xx_hal_dma.o
       532         48          0          0          0       4461   stm32f1xx_hal_gpio.o
        60          8          0          0          0        830   stm32f1xx_hal_msp.o
      1308         98          0          0          0       5100   stm32f1xx_hal_rcc.o
       236         12          0          0          0       1344   stm32f1xx_hal_rcc_ex.o
      1478          0          0          0          0       6594   stm32f1xx_hal_spi.o
      1094         20          0          0          0      10611   stm32f1xx_hal_tim.o
        84          0          0          0          0       2250   stm32f1xx_hal_tim_ex.o
      1866         24          0          0          0      13465   stm32f1xx_hal_uart.o
       412        116          0          1          0      10623   stm32f1xx_it.o
        72         16         24          4          0       1123   system_stm32f1xx.o
       536         58          0          0        256       3393   tim.o
      4008        392          0        299       1796     424993   usart.o
      1868        116       1280        101       1194      12932   vfd.o

    ----------------------------------------------------------------------
     38824       3004      94432        616      46480    1626225   Object Totals
         0          0         32          0          0          0   (incl. Generated)
        50          0          1          6          2          0   (incl. Padding)

    ----------------------------------------------------------------------

      Code (inc. data)   RO Data    RW Data    ZI Data      Debug   Library Member Name

        86          0          0          0          0          0   __dczerorl2.o
         0          0          0          0          0          0   entry.o
         0          0          0          0          0          0   entry10a.o
         0          0          0          0          0          0   entry11a.o
         8          4          0          0          0          0   entry2.o
         4          0          0          0          0          0   entry5.o
         0          0          0          0          0          0   entry7b.o
         0          0          0          0          0          0   entry8b.o
         8          4          0          0          0          0   entry9a.o
        30          0          0          0          0          0   handlers.o
        36          8          0          0          0         68   init.o
         0          0          0          0          0          0   iusefp.o
        30          0          0          0          0         68   llshl.o
        36          0          0          0          0         68   llsshr.o
        32          0          0          0          0         68   llushr.o
        36          0          0          0          0        108   memseta.o
      2308         96          0          0          0        604   printfa.o
        36         10          0          4          0        136   rand.o
         0          0          0          4          0          0   stdout.o
        44          0          0          0          0         80   uidiv.o
        98          0          0          0          0         92   uldiv.o
        48          0          0          0          0         68   cdrcmple.o
        20          0          0          0          0         68   cfcmple.o
        20          0          0          0          0         68   cfrcmple.o
        56          0          0          0          0         88   d2f.o
       334          0          0          0          0        148   dadd.o
       222          0          0          0          0        100   ddiv.o
       186          0          0          0          0        176   depilogue.o
        50          0          0          0          0         76   dfixui.o
        48          0          0          0          0         68   dfixul.o
        26          0          0          0          0         76   dfltui.o
       228          0          0          0          0         96   dmul.o
        38          0          0          0          0         68   f2d.o
       176          0          0          0          0        140   fadd.o
       124          0          0          0          0         88   fdiv.o
       110          0          0          0          0        168   fepilogue.o
        40          0          0          0          0         68   ffixui.o
        18          0          0          0          0         68   fflti.o
        10          0          0          0          0         68   ffltui.o
       100          0          0          0          0         76   fmul.o
        24          0          0          0          0         68   fscalb.o

    ----------------------------------------------------------------------
      4676        122          0          8          0       3136   Library Totals
         6          0          0          0          0          0   (incl. Padding)

    ----------------------------------------------------------------------

      Code (inc. data)   RO Data    RW Data    ZI Data      Debug   Library Name

      2792        122          0          8          0       1292   mc_w.l
      1878          0          0          0          0       1844   mf_w.l

    ----------------------------------------------------------------------
      4676        122          0          8          0       3136   Library Totals

    ----------------------------------------------------------------------

==============================================================================


      Code (inc. data)   RO Data    RW Data    ZI Data      Debug   

     43500       3126      94432        624      46480    1613005   Grand Totals
     43500       3126      94432        172      46480    1613005   ELF Image Totals (compressed)
     43500       3126      94432        172          0          0   ROM Totals

==============================================================================

    Total RO  Size (Code + RO Data)               137932 ( 134.70kB)
    Total RW  Size (RW Data + ZI Data)             47104 (  46.00kB)
    Total ROM Size (Code + RO Data + RW Data)     138104 ( 134.87kB)

==============================================================================

