<html>
<body>
<pre>
<h1>µVision Build Log</h1>
<h2>Tool Versions:</h2>
IDE-Version: ¦ÌVision V5.25.2.0
Copyright (C) 2018 ARM Ltd and ARM Germany GmbH. All rights reserved.
License Information: 2313 Ê©»ª·æ, 2131232, LIC=Z3C6R-KDA33-SG77K-ZWMPJ-JKCDY-TVBV3
 
Tool Versions:
Toolchain:       MDK-ARM Professional  Version: 5.25.2.0
Toolchain Path:  D:\Keil\ARM\ARMCC\Bin
C Compiler:      Armcc.exe V5.06 update 6 (build 750)
Assembler:       Armasm.exe V5.06 update 6 (build 750)
Linker/Locator:  ArmLink.exe V5.06 update 6 (build 750)
Library Manager: ArmAr.exe V5.06 update 6 (build 750)
Hex Converter:   FromElf.exe V5.06 update 6 (build 750)
CPU DLL:         SARMCM3.DLL V5.25.2.0
Dialog DLL:      DCM.DLL V1.17.1.0
Target DLL:      STLink\ST-LINKIII-KEIL_SWO.dll V3.0.1.0
Dialog DLL:      TCM.DLL V1.35.1.0
 
<h2>Project:</h2>
E:\OneDrive\Project\02_Gemini_2020_05_21\MDK-ARM\Gemini.uvprojx
Project File Date:  02/29/2020

<h2>Output:</h2>
*** Using Compiler 'V5.06 update 6 (build 750)', folder: 'D:\Keil\ARM\ARMCC\Bin'
Build target 'Gemini'
compiling main.c...
../Core/Src/main.c(2020): warning:  #177-D: variable "RunC"  was declared but never referenced
  	static u8 RunC = 0;
../Core/Src/main.c(2022): warning:  #177-D: variable "Mi_Msg"  was declared but never referenced
  	static CLOCK_MSG Mi_Msg;
../Core/Src/main.c: 2 warnings, 0 errors
linking...
Program Size: Code=43500 RO-data=94432 RW-data=624 ZI-data=46480  
FromELF: creating hex file...
"Gemini\Gemini.axf" - 0 Error(s), 2 Warning(s).

<h2>Software Packages used:</h2>

Package Vendor: ARM
                http://www.keil.com/pack/ARM.CMSIS.5.3.0.pack
                ARM.CMSIS.5.3.0
                CMSIS (Cortex Microcontroller Software Interface Standard)
   * Component: CORE Version: 5.1.1

Package Vendor: Keil
                http://www.keil.com/pack/Keil.STM32F1xx_DFP.2.2.0.pack
                Keil.STM32F1xx_DFP.2.2.0
                STMicroelectronics STM32F1 Series Device Support, Drivers and Examples

<h2>Collection of Component include folders:</h2>
  .\RTE\_Gemini
  D:\Keil\ARM\PACK\ARM\CMSIS\5.3.0\CMSIS\Include
  D:\Keil\ARM\PACK\Keil\STM32F1xx_DFP\2.2.0\Device\Include

<h2>Collection of Component Files used:</h2>

   * Component: ARM::CMSIS:CORE:5.1.1
Build Time Elapsed:  00:00:02
</pre>
</body>
</html>
